Archive member included to satisfy reference by file (symbol)

C:/ST/STM32CubeIDE_1.16.1/STM32CubeIDE/plugins/com.st.stm32cube.ide.mcu.externaltools.gnu-tools-for-stm32.12.3.rel1.win32_1.0.200.202406191623/tools/bin/../lib/gcc/arm-none-eabi/12.3.1/../../../../arm-none-eabi/lib/thumb/v7e-m+dp/hard\libc_nano.a(libc_a-exit.o)
                              C:/ST/STM32CubeIDE_1.16.1/STM32CubeIDE/plugins/com.st.stm32cube.ide.mcu.externaltools.gnu-tools-for-stm32.12.3.rel1.win32_1.0.200.202406191623/tools/bin/../lib/gcc/arm-none-eabi/12.3.1/../../../../arm-none-eabi/lib/thumb/v7e-m+dp/hard/crt0.o (exit)
C:/ST/STM32CubeIDE_1.16.1/STM32CubeIDE/plugins/com.st.stm32cube.ide.mcu.externaltools.gnu-tools-for-stm32.12.3.rel1.win32_1.0.200.202406191623/tools/bin/../lib/gcc/arm-none-eabi/12.3.1/../../../../arm-none-eabi/lib/thumb/v7e-m+dp/hard\libc_nano.a(libc_a-findfp.o)
                              C:/ST/STM32CubeIDE_1.16.1/STM32CubeIDE/plugins/com.st.stm32cube.ide.mcu.externaltools.gnu-tools-for-stm32.12.3.rel1.win32_1.0.200.202406191623/tools/bin/../lib/gcc/arm-none-eabi/12.3.1/../../../../arm-none-eabi/lib/thumb/v7e-m+dp/hard\libc_nano.a(libc_a-exit.o) (__stdio_exit_handler)
C:/ST/STM32CubeIDE_1.16.1/STM32CubeIDE/plugins/com.st.stm32cube.ide.mcu.externaltools.gnu-tools-for-stm32.12.3.rel1.win32_1.0.200.202406191623/tools/bin/../lib/gcc/arm-none-eabi/12.3.1/../../../../arm-none-eabi/lib/thumb/v7e-m+dp/hard\libc_nano.a(libc_a-fwalk.o)
                              C:/ST/STM32CubeIDE_1.16.1/STM32CubeIDE/plugins/com.st.stm32cube.ide.mcu.externaltools.gnu-tools-for-stm32.12.3.rel1.win32_1.0.200.202406191623/tools/bin/../lib/gcc/arm-none-eabi/12.3.1/../../../../arm-none-eabi/lib/thumb/v7e-m+dp/hard\libc_nano.a(libc_a-findfp.o) (_fwalk_sglue)
C:/ST/STM32CubeIDE_1.16.1/STM32CubeIDE/plugins/com.st.stm32cube.ide.mcu.externaltools.gnu-tools-for-stm32.12.3.rel1.win32_1.0.200.202406191623/tools/bin/../lib/gcc/arm-none-eabi/12.3.1/../../../../arm-none-eabi/lib/thumb/v7e-m+dp/hard\libc_nano.a(libc_a-stdio.o)
                              C:/ST/STM32CubeIDE_1.16.1/STM32CubeIDE/plugins/com.st.stm32cube.ide.mcu.externaltools.gnu-tools-for-stm32.12.3.rel1.win32_1.0.200.202406191623/tools/bin/../lib/gcc/arm-none-eabi/12.3.1/../../../../arm-none-eabi/lib/thumb/v7e-m+dp/hard\libc_nano.a(libc_a-findfp.o) (__sread)
C:/ST/STM32CubeIDE_1.16.1/STM32CubeIDE/plugins/com.st.stm32cube.ide.mcu.externaltools.gnu-tools-for-stm32.12.3.rel1.win32_1.0.200.202406191623/tools/bin/../lib/gcc/arm-none-eabi/12.3.1/../../../../arm-none-eabi/lib/thumb/v7e-m+dp/hard\libc_nano.a(libc_a-memset.o)
                              C:/ST/STM32CubeIDE_1.16.1/STM32CubeIDE/plugins/com.st.stm32cube.ide.mcu.externaltools.gnu-tools-for-stm32.12.3.rel1.win32_1.0.200.202406191623/tools/bin/../lib/gcc/arm-none-eabi/12.3.1/../../../../arm-none-eabi/lib/thumb/v7e-m+dp/hard/crt0.o (memset)
C:/ST/STM32CubeIDE_1.16.1/STM32CubeIDE/plugins/com.st.stm32cube.ide.mcu.externaltools.gnu-tools-for-stm32.12.3.rel1.win32_1.0.200.202406191623/tools/bin/../lib/gcc/arm-none-eabi/12.3.1/../../../../arm-none-eabi/lib/thumb/v7e-m+dp/hard\libc_nano.a(libc_a-closer.o)
                              C:/ST/STM32CubeIDE_1.16.1/STM32CubeIDE/plugins/com.st.stm32cube.ide.mcu.externaltools.gnu-tools-for-stm32.12.3.rel1.win32_1.0.200.202406191623/tools/bin/../lib/gcc/arm-none-eabi/12.3.1/../../../../arm-none-eabi/lib/thumb/v7e-m+dp/hard\libc_nano.a(libc_a-stdio.o) (_close_r)
C:/ST/STM32CubeIDE_1.16.1/STM32CubeIDE/plugins/com.st.stm32cube.ide.mcu.externaltools.gnu-tools-for-stm32.12.3.rel1.win32_1.0.200.202406191623/tools/bin/../lib/gcc/arm-none-eabi/12.3.1/../../../../arm-none-eabi/lib/thumb/v7e-m+dp/hard\libc_nano.a(libc_a-reent.o)
                              C:/ST/STM32CubeIDE_1.16.1/STM32CubeIDE/plugins/com.st.stm32cube.ide.mcu.externaltools.gnu-tools-for-stm32.12.3.rel1.win32_1.0.200.202406191623/tools/bin/../lib/gcc/arm-none-eabi/12.3.1/../../../../arm-none-eabi/lib/thumb/v7e-m+dp/hard\libc_nano.a(libc_a-closer.o) (errno)
C:/ST/STM32CubeIDE_1.16.1/STM32CubeIDE/plugins/com.st.stm32cube.ide.mcu.externaltools.gnu-tools-for-stm32.12.3.rel1.win32_1.0.200.202406191623/tools/bin/../lib/gcc/arm-none-eabi/12.3.1/../../../../arm-none-eabi/lib/thumb/v7e-m+dp/hard\libc_nano.a(libc_a-impure.o)
                              C:/ST/STM32CubeIDE_1.16.1/STM32CubeIDE/plugins/com.st.stm32cube.ide.mcu.externaltools.gnu-tools-for-stm32.12.3.rel1.win32_1.0.200.202406191623/tools/bin/../lib/gcc/arm-none-eabi/12.3.1/../../../../arm-none-eabi/lib/thumb/v7e-m+dp/hard\libc_nano.a(libc_a-reent.o) (_impure_ptr)
C:/ST/STM32CubeIDE_1.16.1/STM32CubeIDE/plugins/com.st.stm32cube.ide.mcu.externaltools.gnu-tools-for-stm32.12.3.rel1.win32_1.0.200.202406191623/tools/bin/../lib/gcc/arm-none-eabi/12.3.1/../../../../arm-none-eabi/lib/thumb/v7e-m+dp/hard\libc_nano.a(libc_a-lseekr.o)
[...]
Memory Configuration

Name             Origin             Length             Attributes
ITCMRAM          0x00000000         0x00010000         xrw
DTCMRAM          0x20000000         0x00020000         xrw
FLASH            0x08000000         0x00100000         xr
RAM_D1           0x24000000         0x00050000         xrw
RAM_D2           0x30000000         0x00008000         xrw
RAM_D3           0x38000000         0x00004000         xrw
*default*        0x00000000         0xffffffff

Linker script and memory map

LOAD C:/ST/STM32CubeIDE_1.16.1/STM32CubeIDE/plugins/com.st.stm32cube.ide.mcu.externaltools.gnu-tools-for-stm32.12.3.rel1.win32_1.0.200.202406191623/tools/bin/../lib/gcc/arm-none-eabi/12.3.1/thumb/v7e-m+dp/hard/crti.o
LOAD C:/ST/STM32CubeIDE_1.16.1/STM32CubeIDE/plugins/com.st.stm32cube.ide.mcu.externaltools.gnu-tools-for-stm32.12.3.rel1.win32_1.0.200.202406191623/tools/bin/../lib/gcc/arm-none-eabi/12.3.1/thumb/v7e-m+dp/hard/crtbegin.o
LOAD C:/ST/STM32CubeIDE_1.16.1/STM32CubeIDE/plugins/com.st.stm32cube.ide.mcu.externaltools.gnu-tools-for-stm32.12.3.rel1.win32_1.0.200.202406191623/tools/bin/../lib/gcc/arm-none-eabi/12.3.1/../../../../arm-none-eabi/lib/thumb/v7e-m+dp/hard/crt0.o
LOAD ./Core/Src/global.o
LOAD ./Core/Src/main.o
LOAD ./Core/Src/stm32h7xx_hal_msp.o
LOAD ./Core/Src/stm32h7xx_it.o
LOAD ./Core/Src/syscalls.o
LOAD ./Core/Src/sysmem.o
LOAD ./Core/Src/system_stm32h7xx.o
LOAD ./Core/Src/utilities.o
LOAD ./Core/Startup/startup_stm32h735igkx.o
LOAD ./Drivers/STM32H7xx_HAL_Driver/Src/stm32h7xx_hal.o
LOAD ./Drivers/STM32H7xx_HAL_Driver/Src/stm32h7xx_hal_adc.o
LOAD ./Drivers/STM32H7xx_HAL_Driver/Src/stm32h7xx_hal_adc_ex.o
LOAD ./Drivers/STM32H7xx_HAL_Driver/Src/stm32h7xx_hal_cortex.o
LOAD ./Drivers/STM32H7xx_HAL_Driver/Src/stm32h7xx_hal_dac.o
LOAD ./Drivers/STM32H7xx_HAL_Driver/Src/stm32h7xx_hal_dac_ex.o
LOAD ./Drivers/STM32H7xx_HAL_Driver/Src/stm32h7xx_hal_dma.o
LOAD ./Drivers/STM32H7xx_HAL_Driver/Src/stm32h7xx_hal_dma_ex.o
LOAD ./Drivers/STM32H7xx_HAL_Driver/Src/stm32h7xx_hal_exti.o
LOAD ./Drivers/STM32H7xx_HAL_Driver/Src/stm32h7xx_hal_flash.o
LOAD ./Drivers/STM32H7xx_HAL_Driver/Src/stm32h7xx_hal_flash_ex.o
LOAD ./Drivers/STM32H7xx_HAL_Driver/Src/stm32h7xx_hal_gpio.o
LOAD ./Drivers/STM32H7xx_HAL_Driver/Src/stm32h7xx_hal_hash.o
LOAD ./Drivers/STM32H7xx_HAL_Driver/Src/stm32h7xx_hal_hash_ex.o
LOAD ./Drivers/STM32H7xx_HAL_Driver/Src/stm32h7xx_hal_hsem.o
LOAD ./Drivers/STM32H7xx_HAL_Driver/Src/stm32h7xx_hal_i2c.o
LOAD ./Drivers/STM32H7xx_HAL_Driver/Src/stm32h7xx_hal_i2c_ex.o
LOAD ./Drivers/STM32H7xx_HAL_Driver/Src/stm32h7xx_hal_mdma.o
LOAD ./Drivers/STM32H7xx_HAL_Driver/Src/stm32h7xx_hal_pwr.o
LOAD ./Drivers/STM32H7xx_HAL_Driver/Src/stm32h7xx_hal_pwr_ex.o
LOAD ./Drivers/STM32H7xx_HAL_Driver/Src/stm32h7xx_hal_rcc.o
LOAD ./Drivers/STM32H7xx_HAL_Driver/Src/stm32h7xx_hal_rcc_ex.o
LOAD ./Drivers/STM32H7xx_HAL_Driver/Src/stm32h7xx_hal_spi.o
LOAD ./Drivers/STM32H7xx_HAL_Driver/Src/stm32h7xx_hal_spi_ex.o
LOAD ./Drivers/STM32H7xx_HAL_Driver/Src/stm32h7xx_hal_tim.o
LOAD ./Drivers/STM32H7xx_HAL_Driver/Src/stm32h7xx_hal_tim_ex.o
LOAD ./Drivers/STM32H7xx_HAL_Driver/Src/stm32h7xx_hal_uart.o
LOAD ./Drivers/STM32H7xx_HAL_Driver/Src/stm32h7xx_hal_uart_ex.o
START GROUP
LOAD C:/ST/STM32CubeIDE_1.16.1/STM32CubeIDE/plugins/com.st.stm32cube.ide.mcu.externaltools.gnu-tools-for-stm32.12.3.rel1.win32_1.0.200.202406191623/tools/bin/../lib/gcc/arm-none-eabi/12.3.1/../../../../arm-none-eabi/lib/thumb/v7e-m+dp/hard\libc_nano.a
LOAD C:/ST/STM32CubeIDE_1.16.1/STM32CubeIDE/plugins/com.st.stm32cube.ide.mcu.externaltools.gnu-tools-for-stm32.12.3.rel1.win32_1.0.200.202406191623/tools/bin/../lib/gcc/arm-none-eabi/12.3.1/../../../../arm-none-eabi/lib/thumb/v7e-m+dp/hard\libm.a
END GROUP
START GROUP
LOAD C:/ST/STM32CubeIDE_1.16.1/STM32CubeIDE/plugins/com.st.stm32cube.ide.mcu.externaltools.gnu-tools-for-stm32.12.3.rel1.win32_1.0.200.202406191623/tools/bin/../lib/gcc/arm-none-eabi/12.3.1/thumb/v7e-m+dp/hard\libgcc.a
LOAD C:/ST/STM32CubeIDE_1.16.1/STM32CubeIDE/plugins/com.st.stm32cube.ide.mcu.externaltools.gnu-tools-for-stm32.12.3.rel1.win32_1.0.200.202406191623/tools/bin/../lib/gcc/arm-none-eabi/12.3.1/../../../../arm-none-eabi/lib/thumb/v7e-m+dp/hard\libc_nano.a
END GROUP
START GROUP
LOAD C:/ST/STM32CubeIDE_1.16.1/STM32CubeIDE/plugins/com.st.stm32cube.ide.mcu.externaltools.gnu-tools-for-stm32.12.3.rel1.win32_1.0.200.202406191623/tools/bin/../lib/gcc/arm-none-eabi/12.3.1/thumb/v7e-m+dp/hard\libgcc.a
LOAD C:/ST/STM32CubeIDE_1.16.1/STM32CubeIDE/plugins/com.st.stm32cube.ide.mcu.externaltools.gnu-tools-for-stm32.12.3.rel1.win32_1.0.200.202406191623/tools/bin/../lib/gcc/arm-none-eabi/12.3.1/../../../../arm-none-eabi/lib/thumb/v7e-m+dp/hard\libc_nano.a
LOAD C:/ST/STM32CubeIDE_1.16.1/STM32CubeIDE/plugins/com.st.stm32cube.ide.mcu.externaltools.gnu-tools-for-stm32.12.3.rel1.win32_1.0.200.202406191623/tools/bin/../lib/gcc/arm-none-eabi/12.3.1/../../../../arm-none-eabi/lib/thumb/v7e-m+dp/hard\libnosys.a
END GROUP
START GROUP
LOAD C:/ST/STM32CubeIDE_1.16.1/STM32CubeIDE/plugins/com.st.stm32cube.ide.mcu.externaltools.gnu-tools-for-stm32.12.3.rel1.win32_1.0.200.202406191623/tools/bin/../lib/gcc/arm-none-eabi/12.3.1/thumb/v7e-m+dp/hard\libgcc.a
LOAD C:/ST/STM32CubeIDE_1.16.1/STM32CubeIDE/plugins/com.st.stm32cube.ide.mcu.externaltools.gnu-tools-for-stm32.12.3.rel1.win32_1.0.200.202406191623/tools/bin/../lib/gcc/arm-none-eabi/12.3.1/../../../../arm-none-eabi/lib/thumb/v7e-m+dp/hard\libc_nano.a
LOAD C:/ST/STM32CubeIDE_1.16.1/STM32CubeIDE/plugins/com.st.stm32cube.ide.mcu.externaltools.gnu-tools-for-stm32.12.3.rel1.win32_1.0.200.202406191623/tools/bin/../lib/gcc/arm-none-eabi/12.3.1/../../../../arm-none-eabi/lib/thumb/v7e-m+dp/hard\libnosys.a
END GROUP
LOAD C:/ST/STM32CubeIDE_1.16.1/STM32CubeIDE/plugins/com.st.stm32cube.ide.mcu.externaltools.gnu-tools-for-stm32.12.3.rel1.win32_1.0.200.202406191623/tools/bin/../lib/gcc/arm-none-eabi/12.3.1/thumb/v7e-m+dp/hard/crtend.o
LOAD C:/ST/STM32CubeIDE_1.16.1/STM32CubeIDE/plugins/com.st.stm32cube.ide.mcu.externaltools.gnu-tools-for-stm32.12.3.rel1.win32_1.0.200.202406191623/tools/bin/../lib/gcc/arm-none-eabi/12.3.1/thumb/v7e-m+dp/hard/crtn.o
                0x24050000                        _estack = (ORIGIN (RAM_D1) + LENGTH (RAM_D1))
                0x00000200                        _Min_Heap_Size = 0x200
                0x00000400                        _Min_Stack_Size = 0x400

.isr_vector     0x08000000      0x2cc
                0x08000000                        . = ALIGN (0x4)
 *(.isr_vector)
 .isr_vector    0x08000000      0x2cc ./Core/Startup/startup_stm32h735igkx.o
                0x08000000                g_pfnVectors
                0x080002cc                        . = ALIGN (0x4)

.text           0x080002cc     0xc294
                0x080002cc                        . = ALIGN (0x4)
 *(.text)
 .text          0x080002cc       0x40 C:/ST/STM32CubeIDE_1.16.1/STM32CubeIDE/plugins/com.st.stm32cube.ide.mcu.externaltools.gnu-tools-for-stm32.12.3.rel1.win32_1.0.200.202406191623/tools/bin/../lib/gcc/arm-none-eabi/12.3.1/thumb/v7e-m+dp/hard/crtbegin.o
 .text          0x0800030c       0x30 C:/ST/STM32CubeIDE_1.16.1/STM32CubeIDE/plugins/com.st.stm32cube.ide.mcu.externaltools.gnu-tools-for-stm32.12.3.rel1.win32_1.0.200.202406191623/tools/bin/../lib/gcc/arm-none-eabi/12.3.1/thumb/v7e-m+dp/hard\libgcc.a(_aeabi_uldivmod.o)
                0x0800030c                __aeabi_uldivmod
 .text          0x0800033c      0x2bc C:/ST/STM32CubeIDE_1.16.1/STM32CubeIDE/plugins/com.st.stm32cube.ide.mcu.externaltools.gnu-tools-for-stm32.12.3.rel1.win32_1.0.200.202406191623/tools/bin/../lib/gcc/arm-none-eabi/12.3.1/thumb/v7e-m+dp/hard\libgcc.a(_udivmoddi4.o)
                0x0800033c                __udivmoddi4
 .text          0x080005f8        0x4 C:/ST/STM32CubeIDE_1.16.1/STM32CubeIDE/plugins/com.st.stm32cube.ide.mcu.externaltools.gnu-tools-for-stm32.12.3.rel1.win32_1.0.200.202406191623/tools/bin/../lib/gcc/arm-none-eabi/12.3.1/thumb/v7e-m+dp/hard\libgcc.a(_dvmd_tls.o)
                0x080005f8                __aeabi_idiv0
                0x080005f8                __aeabi_ldiv0
 *(.text*)
 .text.main     0x080005fc       0xe4 ./Core/Src/main.o
                0x080005fc                main
 .text.SystemClock_Config
                0x080006e0       0xe0 ./Core/Src/main.o
                0x080006e0                SystemClock_Config
 .text.PeriphCommonClock_Config
                0x080007c0       0x5e ./Core/Src/main.o
                0x080007c0                PeriphCommonClock_Config
 *fill*         0x0800081e        0x2 
 .text.MX_ADC1_Init
                0x08000820      0x100 ./Core/Src/main.o
 .text.MX_ADC2_Init
                0x08000920       0xc4 ./Core/Src/main.o
 .text.MX_ADC3_Init
                0x080009e4       0xe8 ./Core/Src/main.o
 .text.MX_DAC1_Init
                0x08000acc       0x64 ./Core/Src/main.o
 .text.MX_HASH_Init
                0x08000b30       0x24 ./Core/Src/main.o
 .text.MX_SPI4_Init
                0x08000b54       0xa0 ./Core/Src/main.o
 .text.MX_TIM2_Init
                0x08000bf4       0x9c ./Core/Src/main.o
 .text.MX_TIM3_Init
                0x08000c90       0x9c ./Core/Src/main.o
 .text.MX_TIM4_Init
                0x08000d2c       0x9c ./Core/Src/main.o
 .text.MX_UART7_Init
                0x08000dc8       0x98 ./Core/Src/main.o
 .text.MX_USART3_UART_Init
                0x08000e60       0x98 ./Core/Src/main.o
 .text.MX_DMA_Init
                0x08000ef8       0x70 ./Core/Src/main.o
 .text.MX_GPIO_Init
                0x08000f68      0x110 ./Core/Src/main.o
 .text.GPIO_INIT
                0x08001078       0xc4 ./Core/Src/main.o
                0x08001078                GPIO_INIT
 .text.HAL_ADC_ConvHalfCpltCallback
                0x0800113c       0x98 ./Core/Src/main.o
                0x0800113c                HAL_ADC_ConvHalfCpltCallback
 .text.HAL_ADC_ConvCpltCallback
                0x080011d4       0x88 ./Core/Src/main.o
                0x080011d4                HAL_ADC_ConvCpltCallback
 .text.HAL_TIM_PeriodElapsedCallback
                0x0800125c       0x44 ./Core/Src/main.o
                0x0800125c                HAL_TIM_PeriodElapsedCallback
 .text.start_ADCS
                0x080012a0       0xa4 ./Core/Src/main.o
                0x080012a0                start_ADCS
 .text.Error_Handler
                0x08001344        0xc ./Core/Src/main.o
                0x08001344                Error_Handler
 .text.HAL_MspInit
                0x08001350       0x60 ./Core/Src/stm32h7xx_hal_msp.o
                0x08001350                HAL_MspInit
 .text.HAL_ADC_MspInit
                0x080013b0      0x284 ./Core/Src/stm32h7xx_hal_msp.o
                0x080013b0                HAL_ADC_MspInit
 .text.HAL_DAC_MspInit
                0x08001634       0x8c ./Core/Src/stm32h7xx_hal_msp.o
                0x08001634                HAL_DAC_MspInit
 .text.HAL_HASH_MspInit
                0x080016c0       0x98 ./Core/Src/stm32h7xx_hal_msp.o
                0x080016c0                HAL_HASH_MspInit
 .text.HAL_SPI_MspInit
                0x08001758       0xf4 ./Core/Src/stm32h7xx_hal_msp.o
                0x08001758                HAL_SPI_MspInit
 .text.HAL_TIM_Base_MspInit
                0x0800184c       0xb8 ./Core/Src/stm32h7xx_hal_msp.o
                0x0800184c                HAL_TIM_Base_MspInit
 .text.HAL_UART_MspInit
                0x08001904      0x174 ./Core/Src/stm32h7xx_hal_msp.o
                0x08001904                HAL_UART_MspInit
 .text.NMI_Handler
                0x08001a78        0x8 ./Core/Src/stm32h7xx_it.o
                0x08001a78                NMI_Handler
 .text.HardFault_Handler
                0x08001a80        0x8 ./Core/Src/stm32h7xx_it.o
                0x08001a80                HardFault_Handler
 .text.MemManage_Handler
                0x08001a88        0x8 ./Core/Src/stm32h7xx_it.o
                0x08001a88                MemManage_Handler
 .text.BusFault_Handler
                0x08001a90        0x8 ./Core/Src/stm32h7xx_it.o
                0x08001a90                BusFault_Handler
 .text.UsageFault_Handler
                0x08001a98        0x8 ./Core/Src/stm32h7xx_it.o
                0x08001a98                UsageFault_Handler
 .text.SVC_Handler
                0x08001aa0        0xe ./Core/Src/stm32h7xx_it.o
                0x08001aa0                SVC_Handler
 .text.DebugMon_Handler
                0x08001aae        0xe ./Core/Src/stm32h7xx_it.o
                0x08001aae                DebugMon_Handler
 .text.PendSV_Handler
                0x08001abc        0xe ./Core/Src/stm32h7xx_it.o
                0x08001abc                PendSV_Handler
 .text.SysTick_Handler
                0x08001aca        0xc ./Core/Src/stm32h7xx_it.o
                0x08001aca                SysTick_Handler
 *fill*         0x08001ad6        0x2 
 .text.DMA1_Stream0_IRQHandler
                0x08001ad8       0x14 ./Core/Src/stm32h7xx_it.o
                0x08001ad8                DMA1_Stream0_IRQHandler
 .text.DMA1_Stream1_IRQHandler
                0x08001aec       0x14 ./Core/Src/stm32h7xx_it.o
                0x08001aec                DMA1_Stream1_IRQHandler
 .text.DMA1_Stream2_IRQHandler
                0x08001b00       0x14 ./Core/Src/stm32h7xx_it.o
                0x08001b00                DMA1_Stream2_IRQHandler
 .text.DMA1_Stream3_IRQHandler
                0x08001b14       0x14 ./Core/Src/stm32h7xx_it.o
                0x08001b14                DMA1_Stream3_IRQHandler
 .text.TIM2_IRQHandler
                0x08001b28       0x14 ./Core/Src/stm32h7xx_it.o
                0x08001b28                TIM2_IRQHandler
 .text.TIM3_IRQHandler
                0x08001b3c       0x14 ./Core/Src/stm32h7xx_it.o
                0x08001b3c                TIM3_IRQHandler
 .text.SystemInit
                0x08001b50       0xf0 ./Core/Src/system_stm32h7xx.o
                0x08001b50                SystemInit
 .text.buffer_copy
                0x08001c40       0x40 ./Core/Src/utilities.o
                0x08001c40                buffer_copy
 .text.Reset_Handler
                0x08001c80       0x50 ./Core/Startup/startup_stm32h735igkx.o
                0x08001c80                Reset_Handler
 .text.Default_Handler
                0x08001cd0        0x2 ./Core/Startup/startup_stm32h735igkx.o
                0x08001cd0                RTC_Alarm_IRQHandler
                0x08001cd0                HASH_RNG_IRQHandler
                0x08001cd0                EXTI2_IRQHandler
                0x08001cd0                TIM8_CC_IRQHandler
                0x08001cd0                UART8_IRQHandler
                0x08001cd0                SPI4_IRQHandler
                0x08001cd0                FDCAN3_IT0_IRQHandler
                0x08001cd0                TIM1_CC_IRQHandler
                0x08001cd0                BDMA_Channel6_IRQHandler
                0x08001cd0                DMA2_Stream5_IRQHandler
                0x08001cd0                DMA1_Stream5_IRQHandler
                0x08001cd0                CORDIC_IRQHandler
                0x08001cd0                BDMA_Channel1_IRQHandler
                0x08001cd0                TAMP_STAMP_IRQHandler
                0x08001cd0                EXTI3_IRQHandler
                0x08001cd0                LPTIM4_IRQHandler
                0x08001cd0                TIM8_TRG_COM_TIM14_IRQHandler
                0x08001cd0                LPTIM2_IRQHandler
                0x08001cd0                DFSDM1_FLT1_IRQHandler
                0x08001cd0                DMAMUX2_OVR_IRQHandler
                0x08001cd0                TIM8_UP_TIM13_IRQHandler
                0x08001cd0                I2C3_ER_IRQHandler
                0x08001cd0                DFSDM1_FLT2_IRQHandler
                0x08001cd0                I2C5_EV_IRQHandler
                0x08001cd0                USART10_IRQHandler
                0x08001cd0                MDMA_IRQHandler
                0x08001cd0                LPTIM3_IRQHandler
                0x08001cd0                HSEM1_IRQHandler
                0x08001cd0                EXTI0_IRQHandler
                0x08001cd0                I2C2_EV_IRQHandler
                0x08001cd0                FPU_IRQHandler
                0x08001cd0                OTG_HS_WKUP_IRQHandler
                0x08001cd0                FDCAN1_IT1_IRQHandler
                0x08001cd0                LTDC_ER_IRQHandler
                0x08001cd0                DMA2_Stream2_IRQHandler
                0x08001cd0                SPI1_IRQHandler
                0x08001cd0                OCTOSPI1_IRQHandler
                0x08001cd0                TIM6_DAC_IRQHandler
                0x08001cd0                DMA2_Stream3_IRQHandler
                0x08001cd0                OCTOSPI2_IRQHandler
                0x08001cd0                DFSDM1_FLT3_IRQHandler
                0x08001cd0                TIM23_IRQHandler
                0x08001cd0                USART6_IRQHandler
                0x08001cd0                TIM17_IRQHandler
                0x08001cd0                USART3_IRQHandler
                0x08001cd0                BDMA_Channel7_IRQHandler
                0x08001cd0                CRYP_IRQHandler
                0x08001cd0                LPTIM5_IRQHandler
                0x08001cd0                UART5_IRQHandler
                0x08001cd0                ADC3_IRQHandler
                0x08001cd0                DMA2_Stream0_IRQHandler
                0x08001cd0                TIM4_IRQHandler
                0x08001cd0                BDMA_Channel2_IRQHandler
                0x08001cd0                I2C1_EV_IRQHandler
                0x08001cd0                DMA1_Stream6_IRQHandler
                0x08001cd0                DMAMUX1_OVR_IRQHandler
                0x08001cd0                TIM16_IRQHandler
                0x08001cd0                UART4_IRQHandler
                0x08001cd0                BDMA_Channel5_IRQHandler
                0x08001cd0                RCC_IRQHandler
                0x08001cd0                UART9_IRQHandler
                0x08001cd0                TIM8_BRK_TIM12_IRQHandler
                0x08001cd0                TIM1_TRG_COM_IRQHandler
                0x08001cd0                Default_Handler
                0x08001cd0                ECC_IRQHandler
                0x08001cd0                FMAC_IRQHandler
                0x08001cd0                CEC_IRQHandler
                0x08001cd0                EXTI15_10_IRQHandler
                0x08001cd0                BDMA_Channel0_IRQHandler
                0x08001cd0                ADC_IRQHandler
                0x08001cd0                I2C5_ER_IRQHandler
                0x08001cd0                OTFDEC1_IRQHandler
                0x08001cd0                DMA1_Stream7_IRQHandler
                0x08001cd0                SPI5_IRQHandler
                0x08001cd0                TIM7_IRQHandler
                0x08001cd0                FDCAN3_IT1_IRQHandler
                0x08001cd0                SDMMC1_IRQHandler
                0x08001cd0                TIM5_IRQHandler
                0x08001cd0                DMA2_Stream7_IRQHandler
                0x08001cd0                TIM15_IRQHandler
                0x08001cd0                PVD_AVD_IRQHandler
                0x08001cd0                I2C3_EV_IRQHandler
                0x08001cd0                EXTI9_5_IRQHandler
                0x08001cd0                RTC_WKUP_IRQHandler
                0x08001cd0                LTDC_IRQHandler
                0x08001cd0                ETH_WKUP_IRQHandler
                0x08001cd0                SPDIF_RX_IRQHandler
                0x08001cd0                SPI2_IRQHandler
                0x08001cd0                OTG_HS_EP1_IN_IRQHandler
                0x08001cd0                OTFDEC2_IRQHandler
                0x08001cd0                TIM24_IRQHandler
                0x08001cd0                CRS_IRQHandler
                0x08001cd0                EXTI4_IRQHandler
                0x08001cd0                FDCAN2_IT1_IRQHandler
                0x08001cd0                ETH_IRQHandler
                0x08001cd0                TIM1_UP_IRQHandler
                0x08001cd0                BDMA_Channel4_IRQHandler
                0x08001cd0                OTG_HS_EP1_OUT_IRQHandler
                0x08001cd0                WWDG_IRQHandler
                0x08001cd0                SPI6_IRQHandler
                0x08001cd0                MDIOS_IRQHandler
                0x08001cd0                I2C4_EV_IRQHandler
                0x08001cd0                FDCAN2_IT0_IRQHandler
                0x08001cd0                LPUART1_IRQHandler
                0x08001cd0                FDCAN1_IT0_IRQHandler
                0x08001cd0                OTG_HS_IRQHandler
                0x08001cd0                DMA2D_IRQHandler
                0x08001cd0                TIM1_BRK_IRQHandler
                0x08001cd0                EXTI1_IRQHandler
                0x08001cd0                SDMMC2_IRQHandler
                0x08001cd0                BDMA_Channel3_IRQHandler
                0x08001cd0                DTS_IRQHandler
                0x08001cd0                UART7_IRQHandler
                0x08001cd0                MDIOS_WKUP_IRQHandler
                0x08001cd0                USART2_IRQHandler
                0x08001cd0                DFSDM1_FLT0_IRQHandler
                0x08001cd0                SAI4_IRQHandler
                0x08001cd0                I2C2_ER_IRQHandler
                0x08001cd0                DMA2_Stream1_IRQHandler
                0x08001cd0                FLASH_IRQHandler
                0x08001cd0                DMA2_Stream4_IRQHandler
                0x08001cd0                USART1_IRQHandler
                0x08001cd0                SPI3_IRQHandler
                0x08001cd0                WAKEUP_PIN_IRQHandler
                0x08001cd0                DMA1_Stream4_IRQHandler
                0x08001cd0                I2C1_ER_IRQHandler
                0x08001cd0                FMC_IRQHandler
                0x08001cd0                FDCAN_CAL_IRQHandler
                0x08001cd0                SWPMI1_IRQHandler
                0x08001cd0                COMP1_IRQHandler
                0x08001cd0                LPTIM1_IRQHandler
                0x08001cd0                DCMI_PSSI_IRQHandler
                0x08001cd0                I2C4_ER_IRQHandler
                0x08001cd0                DMA2_Stream6_IRQHandler
                0x08001cd0                SAI1_IRQHandler
 *fill*         0x08001cd2        0x2 
 .text.HAL_Init
                0x08001cd4       0x78 ./Drivers/STM32H7xx_HAL_Driver/Src/stm32h7xx_hal.o
                0x08001cd4                HAL_Init
 .text.HAL_InitTick
                0x08001d4c       0x6c ./Drivers/STM32H7xx_HAL_Driver/Src/stm32h7xx_hal.o
                0x08001d4c                HAL_InitTick
 .text.HAL_IncTick
                0x08001db8       0x28 ./Drivers/STM32H7xx_HAL_Driver/Src/stm32h7xx_hal.o
                0x08001db8                HAL_IncTick
 .text.HAL_GetTick
                0x08001de0       0x18 ./Drivers/STM32H7xx_HAL_Driver/Src/stm32h7xx_hal.o
                0x08001de0                HAL_GetTick
 .text.HAL_Delay
                0x08001df8       0x48 ./Drivers/STM32H7xx_HAL_Driver/Src/stm32h7xx_hal.o
                0x08001df8                HAL_Delay
 .text.HAL_SYSCFG_VREFBUF_VoltageScalingConfig
                0x08001e40       0x28 ./Drivers/STM32H7xx_HAL_Driver/Src/stm32h7xx_hal.o
                0x08001e40                HAL_SYSCFG_VREFBUF_VoltageScalingConfig
 .text.HAL_SYSCFG_VREFBUF_HighImpedanceConfig
                0x08001e68       0x28 ./Drivers/STM32H7xx_HAL_Driver/Src/stm32h7xx_hal.o
                0x08001e68                HAL_SYSCFG_VREFBUF_HighImpedanceConfig
 .text.HAL_SYSCFG_EnableVREFBUF
                0x08001e90       0x48 ./Drivers/STM32H7xx_HAL_Driver/Src/stm32h7xx_hal.o
                0x08001e90                HAL_SYSCFG_EnableVREFBUF
 .text.HAL_SYSCFG_AnalogSwitchConfig
                0x08001ed8       0x2c ./Drivers/STM32H7xx_HAL_Driver/Src/stm32h7xx_hal.o
                0x08001ed8                HAL_SYSCFG_AnalogSwitchConfig
 .text.LL_ADC_SetCommonClock
                0x08001f04       0x26 ./Drivers/STM32H7xx_HAL_Driver/Src/stm32h7xx_hal_adc.o
 .text.LL_ADC_SetCommonPathInternalCh
                0x08001f2a       0x26 ./Drivers/STM32H7xx_HAL_Driver/Src/stm32h7xx_hal_adc.o
 .text.LL_ADC_GetCommonPathInternalCh
                0x08001f50       0x1c ./Drivers/STM32H7xx_HAL_Driver/Src/stm32h7xx_hal_adc.o
 .text.LL_ADC_SetOffset
                0x08001f6c       0x64 ./Drivers/STM32H7xx_HAL_Driver/Src/stm32h7xx_hal_adc.o
 .text.LL_ADC_GetOffsetChannel
                0x08001fd0       0x2c ./Drivers/STM32H7xx_HAL_Driver/Src/stm32h7xx_hal_adc.o
 .text.LL_ADC_SetDataRightShift
                0x08001ffc       0x32 ./Drivers/STM32H7xx_HAL_Driver/Src/stm32h7xx_hal_adc.o
 *fill*         0x0800202e        0x2 
 .text.LL_ADC_SetOffsetSignedSaturation
                0x08002030       0x44 ./Drivers/STM32H7xx_HAL_Driver/Src/stm32h7xx_hal_adc.o
 .text.LL_ADC_SetOffsetSaturation
                0x08002074       0x44 ./Drivers/STM32H7xx_HAL_Driver/Src/stm32h7xx_hal_adc.o
 .text.LL_ADC_SetOffsetSign
                0x080020b8       0x44 ./Drivers/STM32H7xx_HAL_Driver/Src/stm32h7xx_hal_adc.o
 .text.LL_ADC_SetOffsetState
                0x080020fc       0x54 ./Drivers/STM32H7xx_HAL_Driver/Src/stm32h7xx_hal_adc.o
 .text.LL_ADC_REG_IsTriggerSourceSWStart
                0x08002150       0x26 ./Drivers/STM32H7xx_HAL_Driver/Src/stm32h7xx_hal_adc.o
 .text.LL_ADC_REG_SetSequencerRanks
                0x08002176       0x58 ./Drivers/STM32H7xx_HAL_Driver/Src/stm32h7xx_hal_adc.o
 .text.LL_ADC_REG_SetDataTransferMode
                0x080021ce       0x26 ./Drivers/STM32H7xx_HAL_Driver/Src/stm32h7xx_hal_adc.o
 .text.LL_ADC_EnableDMAReq
                0x080021f4       0x20 ./Drivers/STM32H7xx_HAL_Driver/Src/stm32h7xx_hal_adc.o
 .text.LL_ADC_REG_SetDMATransferMode
                0x08002214       0x34 ./Drivers/STM32H7xx_HAL_Driver/Src/stm32h7xx_hal_adc.o
 .text.LL_ADC_SetChannelSamplingTime
                0x08002248       0x56 ./Drivers/STM32H7xx_HAL_Driver/Src/stm32h7xx_hal_adc.o
 *fill*         0x0800229e        0x2 
 .text.LL_ADC_SetChannelSingleDiff
                0x080022a0       0x80 ./Drivers/STM32H7xx_HAL_Driver/Src/stm32h7xx_hal_adc.o
 .text.LL_ADC_GetMultimode
                0x08002320       0x1c ./Drivers/STM32H7xx_HAL_Driver/Src/stm32h7xx_hal_adc.o
 .text.LL_ADC_DisableDeepPowerDown
                0x0800233c       0x24 ./Drivers/STM32H7xx_HAL_Driver/Src/stm32h7xx_hal_adc.o
 .text.LL_ADC_IsDeepPowerDownEnabled
                0x08002360       0x28 ./Drivers/STM32H7xx_HAL_Driver/Src/stm32h7xx_hal_adc.o
 .text.LL_ADC_EnableInternalRegulator
                0x08002388       0x28 ./Drivers/STM32H7xx_HAL_Driver/Src/stm32h7xx_hal_adc.o
 .text.LL_ADC_IsInternalRegulatorEnabled
                0x080023b0       0x28 ./Drivers/STM32H7xx_HAL_Driver/Src/stm32h7xx_hal_adc.o
 .text.LL_ADC_Enable
                0x080023d8       0x28 ./Drivers/STM32H7xx_HAL_Driver/Src/stm32h7xx_hal_adc.o
 .text.LL_ADC_Disable
                0x08002400       0x28 ./Drivers/STM32H7xx_HAL_Driver/Src/stm32h7xx_hal_adc.o
 .text.LL_ADC_IsEnabled
                0x08002428       0x26 ./Drivers/STM32H7xx_HAL_Driver/Src/stm32h7xx_hal_adc.o
 .text.LL_ADC_IsDisableOngoing
                0x0800244e       0x26 ./Drivers/STM32H7xx_HAL_Driver/Src/stm32h7xx_hal_adc.o
 .text.LL_ADC_REG_StartConversion
                0x08002474       0x28 ./Drivers/STM32H7xx_HAL_Driver/Src/stm32h7xx_hal_adc.o
 .text.LL_ADC_REG_IsConversionOngoing
                0x0800249c       0x26 ./Drivers/STM32H7xx_HAL_Driver/Src/stm32h7xx_hal_adc.o
 .text.LL_ADC_INJ_IsConversionOngoing
                0x080024c2       0x26 ./Drivers/STM32H7xx_HAL_Driver/Src/stm32h7xx_hal_adc.o
 .text.HAL_ADC_Init
                0x080024e8      0x410 ./Drivers/STM32H7xx_HAL_Driver/Src/stm32h7xx_hal_adc.o
                0x080024e8                HAL_ADC_Init
 .text.HAL_ADC_Start_DMA
                0x080028f8      0x1b8 ./Drivers/STM32H7xx_HAL_Driver/Src/stm32h7xx_hal_adc.o
                0x080028f8                HAL_ADC_Start_DMA
 .text.HAL_ADC_ErrorCallback
                0x08002ab0       0x14 ./Drivers/STM32H7xx_HAL_Driver/Src/stm32h7xx_hal_adc.o
                0x08002ab0                HAL_ADC_ErrorCallback
 .text.HAL_ADC_ConfigChannel
                0x08002ac4      0xa60 ./Drivers/STM32H7xx_HAL_Driver/Src/stm32h7xx_hal_adc.o
                0x08002ac4                HAL_ADC_ConfigChannel
 .text.ADC_Enable
                0x08003524      0x114 ./Drivers/STM32H7xx_HAL_Driver/Src/stm32h7xx_hal_adc.o
                0x08003524                ADC_Enable
 .text.ADC_Disable
                0x08003638       0xbe ./Drivers/STM32H7xx_HAL_Driver/Src/stm32h7xx_hal_adc.o
                0x08003638                ADC_Disable
 .text.ADC_DMAConvCplt
                0x080036f6       0xd8 ./Drivers/STM32H7xx_HAL_Driver/Src/stm32h7xx_hal_adc.o
                0x080036f6                ADC_DMAConvCplt
 .text.ADC_DMAHalfConvCplt
                0x080037ce       0x1c ./Drivers/STM32H7xx_HAL_Driver/Src/stm32h7xx_hal_adc.o
                0x080037ce                ADC_DMAHalfConvCplt
 .text.ADC_DMAError
                0x080037ea       0x34 ./Drivers/STM32H7xx_HAL_Driver/Src/stm32h7xx_hal_adc.o
                0x080037ea                ADC_DMAError
 *fill*         0x0800381e        0x2 
 .text.ADC_ConfigureBoostMode
                0x08003820      0x1dc ./Drivers/STM32H7xx_HAL_Driver/Src/stm32h7xx_hal_adc.o
                0x08003820                ADC_ConfigureBoostMode
 .text.LL_ADC_IsEnabled
                0x080039fc       0x26 ./Drivers/STM32H7xx_HAL_Driver/Src/stm32h7xx_hal_adc_ex.o
 *fill*         0x08003a22        0x2 
 .text.LL_ADC_StartCalibration
                0x08003a24       0x3c ./Drivers/STM32H7xx_HAL_Driver/Src/stm32h7xx_hal_adc_ex.o
 .text.LL_ADC_IsCalibrationOnGoing
                0x08003a60       0x28 ./Drivers/STM32H7xx_HAL_Driver/Src/stm32h7xx_hal_adc_ex.o
 .text.LL_ADC_REG_StartConversion
                0x08003a88       0x28 ./Drivers/STM32H7xx_HAL_Driver/Src/stm32h7xx_hal_adc_ex.o
 .text.LL_ADC_REG_IsConversionOngoing
                0x08003ab0       0x26 ./Drivers/STM32H7xx_HAL_Driver/Src/stm32h7xx_hal_adc_ex.o
 *fill*         0x08003ad6        0x2 
 .text.HAL_ADCEx_Calibration_Start
                0x08003ad8       0xc8 ./Drivers/STM32H7xx_HAL_Driver/Src/stm32h7xx_hal_adc_ex.o
                0x08003ad8                HAL_ADCEx_Calibration_Start
 .text.HAL_ADCEx_MultiModeStart_DMA
                0x08003ba0      0x1c0 ./Drivers/STM32H7xx_HAL_Driver/Src/stm32h7xx_hal_adc_ex.o
                0x08003ba0                HAL_ADCEx_MultiModeStart_DMA
 .text.HAL_ADCEx_MultiModeConfigChannel
                0x08003d60      0x1c4 ./Drivers/STM32H7xx_HAL_Driver/Src/stm32h7xx_hal_adc_ex.o
                0x08003d60                HAL_ADCEx_MultiModeConfigChannel
 .text.__NVIC_SetPriorityGrouping
                0x08003f24       0x48 ./Drivers/STM32H7xx_HAL_Driver/Src/stm32h7xx_hal_cortex.o
 .text.__NVIC_GetPriorityGrouping
                0x08003f6c       0x1c ./Drivers/STM32H7xx_HAL_Driver/Src/stm32h7xx_hal_cortex.o
 .text.__NVIC_EnableIRQ
                0x08003f88       0x3c ./Drivers/STM32H7xx_HAL_Driver/Src/stm32h7xx_hal_cortex.o
 .text.__NVIC_SetPriority
                0x08003fc4       0x54 ./Drivers/STM32H7xx_HAL_Driver/Src/stm32h7xx_hal_cortex.o
 .text.NVIC_EncodePriority
                0x08004018       0x66 ./Drivers/STM32H7xx_HAL_Driver/Src/stm32h7xx_hal_cortex.o
 *fill*         0x0800407e        0x2 
 .text.SysTick_Config
                0x08004080       0x44 ./Drivers/STM32H7xx_HAL_Driver/Src/stm32h7xx_hal_cortex.o
 .text.HAL_NVIC_SetPriorityGrouping
                0x080040c4       0x16 ./Drivers/STM32H7xx_HAL_Driver/Src/stm32h7xx_hal_cortex.o
                0x080040c4                HAL_NVIC_SetPriorityGrouping
 .text.HAL_NVIC_SetPriority
                0x080040da       0x34 ./Drivers/STM32H7xx_HAL_Driver/Src/stm32h7xx_hal_cortex.o
                0x080040da                HAL_NVIC_SetPriority
 .text.HAL_NVIC_EnableIRQ
                0x0800410e       0x1c ./Drivers/STM32H7xx_HAL_Driver/Src/stm32h7xx_hal_cortex.o
                0x0800410e                HAL_NVIC_EnableIRQ
 .text.HAL_SYSTICK_Config
                0x0800412a       0x18 ./Drivers/STM32H7xx_HAL_Driver/Src/stm32h7xx_hal_cortex.o
                0x0800412a                HAL_SYSTICK_Config
 .text.HAL_DAC_Init
                0x08004142       0x44 ./Drivers/STM32H7xx_HAL_Driver/Src/stm32h7xx_hal_dac.o
                0x08004142                HAL_DAC_Init
 .text.HAL_DAC_Start
                0x08004186       0xae ./Drivers/STM32H7xx_HAL_Driver/Src/stm32h7xx_hal_dac.o
                0x08004186                HAL_DAC_Start
 .text.HAL_DAC_SetValue
                0x08004234       0x54 ./Drivers/STM32H7xx_HAL_Driver/Src/stm32h7xx_hal_dac.o
                0x08004234                HAL_DAC_SetValue
 .text.HAL_DAC_ConfigChannel
                0x08004288      0x284 ./Drivers/STM32H7xx_HAL_Driver/Src/stm32h7xx_hal_dac.o
                0x08004288                HAL_DAC_ConfigChannel
 .text.HAL_DMA_Init
                0x0800450c      0x6b0 ./Drivers/STM32H7xx_HAL_Driver/Src/stm32h7xx_hal_dma.o
                0x0800450c                HAL_DMA_Init
 .text.HAL_DMA_Start_IT
                0x08004bbc      0x4d4 ./Drivers/STM32H7xx_HAL_Driver/Src/stm32h7xx_hal_dma.o
                0x08004bbc                HAL_DMA_Start_IT
 .text.HAL_DMA_IRQHandler
                0x08005090      0xe54 ./Drivers/STM32H7xx_HAL_Driver/Src/stm32h7xx_hal_dma.o
                0x08005090                HAL_DMA_IRQHandler
 .text.DMA_SetConfig
                0x08005ee4      0x358 ./Drivers/STM32H7xx_HAL_Driver/Src/stm32h7xx_hal_dma.o
 .text.DMA_CalcBaseAndBitshift
                0x0800623c      0x164 ./Drivers/STM32H7xx_HAL_Driver/Src/stm32h7xx_hal_dma.o
 .text.DMA_CheckFifoParam
                0x080063a0       0xf8 ./Drivers/STM32H7xx_HAL_Driver/Src/stm32h7xx_hal_dma.o
 .text.DMA_CalcDMAMUXChannelBaseAndMask
                0x08006498      0x134 ./Drivers/STM32H7xx_HAL_Driver/Src/stm32h7xx_hal_dma.o
 .text.DMA_CalcDMAMUXRequestGenBaseAndMask
                0x080065cc       0xe8 ./Drivers/STM32H7xx_HAL_Driver/Src/stm32h7xx_hal_dma.o
 .text.HAL_GPIO_Init
                0x080066b4      0x350 ./Drivers/STM32H7xx_HAL_Driver/Src/stm32h7xx_hal_gpio.o
                0x080066b4                HAL_GPIO_Init
 .text.HAL_GPIO_WritePin
                0x08006a04       0x32 ./Drivers/STM32H7xx_HAL_Driver/Src/stm32h7xx_hal_gpio.o
                0x08006a04                HAL_GPIO_WritePin
 *fill*         0x08006a36        0x2 
 .text.HAL_HASH_Init
                0x08006a38       0xa8 ./Drivers/STM32H7xx_HAL_Driver/Src/stm32h7xx_hal_hash.o
                0x08006a38                HAL_HASH_Init
 .text.HAL_PWREx_ConfigSupply
                0x08006ae0       0xb4 ./Drivers/STM32H7xx_HAL_Driver/Src/stm32h7xx_hal_pwr_ex.o
                0x08006ae0                HAL_PWREx_ConfigSupply
 .text.HAL_RCC_OscConfig
                0x08006b94      0x7b4 ./Drivers/STM32H7xx_HAL_Driver/Src/stm32h7xx_hal_rcc.o
                0x08006b94                HAL_RCC_OscConfig
 .text.HAL_RCC_ClockConfig
                0x08007348      0x36c ./Drivers/STM32H7xx_HAL_Driver/Src/stm32h7xx_hal_rcc.o
                0x08007348                HAL_RCC_ClockConfig
 .text.HAL_RCC_GetSysClockFreq
                0x080076b4      0x2f4 ./Drivers/STM32H7xx_HAL_Driver/Src/stm32h7xx_hal_rcc.o
                0x080076b4                HAL_RCC_GetSysClockFreq
 .text.HAL_RCC_GetHCLKFreq
                0x080079a8       0x60 ./Drivers/STM32H7xx_HAL_Driver/Src/stm32h7xx_hal_rcc.o
                0x080079a8                HAL_RCC_GetHCLKFreq
 .text.HAL_RCC_GetPCLK1Freq
                0x08007a08       0x2c ./Drivers/STM32H7xx_HAL_Driver/Src/stm32h7xx_hal_rcc.o
                0x08007a08                HAL_RCC_GetPCLK1Freq
 .text.HAL_RCC_GetPCLK2Freq
                0x08007a34       0x2c ./Drivers/STM32H7xx_HAL_Driver/Src/stm32h7xx_hal_rcc.o
                0x08007a34                HAL_RCC_GetPCLK2Freq
 .text.HAL_RCCEx_PeriphCLKConfig
                0x08007a60     0x1340 ./Drivers/STM32H7xx_HAL_Driver/Src/stm32h7xx_hal_rcc_ex.o
                0x08007a60                HAL_RCCEx_PeriphCLKConfig
 .text.HAL_RCCEx_GetPeriphCLKFreq
                0x08008da0      0x9a4 ./Drivers/STM32H7xx_HAL_Driver/Src/stm32h7xx_hal_rcc_ex.o
                0x08008da0                HAL_RCCEx_GetPeriphCLKFreq
 .text.HAL_RCCEx_GetD3PCLK1Freq
                0x08009744       0x2c ./Drivers/STM32H7xx_HAL_Driver/Src/stm32h7xx_hal_rcc_ex.o
                0x08009744                HAL_RCCEx_GetD3PCLK1Freq
 .text.HAL_RCCEx_GetPLL2ClockFreq
                0x08009770      0x2a8 ./Drivers/STM32H7xx_HAL_Driver/Src/stm32h7xx_hal_rcc_ex.o
                0x08009770                HAL_RCCEx_GetPLL2ClockFreq
 .text.HAL_RCCEx_GetPLL3ClockFreq
                0x08009a18      0x2a8 ./Drivers/STM32H7xx_HAL_Driver/Src/stm32h7xx_hal_rcc_ex.o
                0x08009a18                HAL_RCCEx_GetPLL3ClockFreq
 .text.HAL_RCCEx_GetPLL1ClockFreq
                0x08009cc0      0x2a4 ./Drivers/STM32H7xx_HAL_Driver/Src/stm32h7xx_hal_rcc_ex.o
                0x08009cc0                HAL_RCCEx_GetPLL1ClockFreq
 .text.RCCEx_PLL2_Config
                0x08009f64      0x164 ./Drivers/STM32H7xx_HAL_Driver/Src/stm32h7xx_hal_rcc_ex.o
 .text.RCCEx_PLL3_Config
                0x0800a0c8      0x164 ./Drivers/STM32H7xx_HAL_Driver/Src/stm32h7xx_hal_rcc_ex.o
 .text.HAL_SPI_Init
                0x0800a22c      0x248 ./Drivers/STM32H7xx_HAL_Driver/Src/stm32h7xx_hal_spi.o
                0x0800a22c                HAL_SPI_Init
 .text.SPI_GetPacketSize
                0x0800a474       0x36 ./Drivers/STM32H7xx_HAL_Driver/Src/stm32h7xx_hal_spi.o
 .text.HAL_TIM_Base_Init
                0x0800a4aa       0xae ./Drivers/STM32H7xx_HAL_Driver/Src/stm32h7xx_hal_tim.o
                0x0800a4aa                HAL_TIM_Base_Init
 .text.HAL_TIM_Base_Start
                0x0800a558       0xfc ./Drivers/STM32H7xx_HAL_Driver/Src/stm32h7xx_hal_tim.o
                0x0800a558                HAL_TIM_Base_Start
 .text.HAL_TIM_Base_Stop
                0x0800a654       0x4e ./Drivers/STM32H7xx_HAL_Driver/Src/stm32h7xx_hal_tim.o
                0x0800a654                HAL_TIM_Base_Stop
 *fill*         0x0800a6a2        0x2 
 .text.HAL_TIM_Base_Start_IT
                0x0800a6a4      0x10c ./Drivers/STM32H7xx_HAL_Driver/Src/stm32h7xx_hal_tim.o
                0x0800a6a4                HAL_TIM_Base_Start_IT
 .text.HAL_TIM_IRQHandler
                0x0800a7b0      0x20e ./Drivers/STM32H7xx_HAL_Driver/Src/stm32h7xx_hal_tim.o
                0x0800a7b0                HAL_TIM_IRQHandler
 *fill*         0x0800a9be        0x2 
 .text.HAL_TIM_ConfigClockSource
                0x0800a9c0      0x1f0 ./Drivers/STM32H7xx_HAL_Driver/Src/stm32h7xx_hal_tim.o
                0x0800a9c0                HAL_TIM_ConfigClockSource
 .text.HAL_TIM_OC_DelayElapsedCallback
                0x0800abb0       0x14 ./Drivers/STM32H7xx_HAL_Driver/Src/stm32h7xx_hal_tim.o
                0x0800abb0                HAL_TIM_OC_DelayElapsedCallback
 .text.HAL_TIM_IC_CaptureCallback
                0x0800abc4       0x14 ./Drivers/STM32H7xx_HAL_Driver/Src/stm32h7xx_hal_tim.o
                0x0800abc4                HAL_TIM_IC_CaptureCallback
 .text.HAL_TIM_PWM_PulseFinishedCallback
                0x0800abd8       0x14 ./Drivers/STM32H7xx_HAL_Driver/Src/stm32h7xx_hal_tim.o
                0x0800abd8                HAL_TIM_PWM_PulseFinishedCallback
 .text.HAL_TIM_TriggerCallback
                0x0800abec       0x14 ./Drivers/STM32H7xx_HAL_Driver/Src/stm32h7xx_hal_tim.o
                0x0800abec                HAL_TIM_TriggerCallback
 .text.TIM_Base_SetConfig
                0x0800ac00      0x164 ./Drivers/STM32H7xx_HAL_Driver/Src/stm32h7xx_hal_tim.o
                0x0800ac00                TIM_Base_SetConfig
 .text.TIM_TI1_ConfigInputStage
                0x0800ad64       0x5e ./Drivers/STM32H7xx_HAL_Driver/Src/stm32h7xx_hal_tim.o
 .text.TIM_TI2_ConfigInputStage
                0x0800adc2       0x60 ./Drivers/STM32H7xx_HAL_Driver/Src/stm32h7xx_hal_tim.o
 *fill*         0x0800ae22        0x2 
 .text.TIM_ITRx_SetConfig
                0x0800ae24       0x3c ./Drivers/STM32H7xx_HAL_Driver/Src/stm32h7xx_hal_tim.o
 .text.TIM_ETR_SetConfig
                0x0800ae60       0x40 ./Drivers/STM32H7xx_HAL_Driver/Src/stm32h7xx_hal_tim.o
                0x0800ae60                TIM_ETR_SetConfig
 .text.HAL_TIMEx_MasterConfigSynchronization
                0x0800aea0      0x138 ./Drivers/STM32H7xx_HAL_Driver/Src/stm32h7xx_hal_tim_ex.o
                0x0800aea0                HAL_TIMEx_MasterConfigSynchronization
 .text.HAL_TIMEx_CommutCallback
                0x0800afd8       0x14 ./Drivers/STM32H7xx_HAL_Driver/Src/stm32h7xx_hal_tim_ex.o
                0x0800afd8                HAL_TIMEx_CommutCallback
 .text.HAL_TIMEx_BreakCallback
                0x0800afec       0x14 ./Drivers/STM32H7xx_HAL_Driver/Src/stm32h7xx_hal_tim_ex.o
                0x0800afec                HAL_TIMEx_BreakCallback
 .text.HAL_TIMEx_Break2Callback
                0x0800b000       0x14 ./Drivers/STM32H7xx_HAL_Driver/Src/stm32h7xx_hal_tim_ex.o
                0x0800b000                HAL_TIMEx_Break2Callback
 .text.HAL_UART_Init
                0x0800b014       0xa0 ./Drivers/STM32H7xx_HAL_Driver/Src/stm32h7xx_hal_uart.o
                0x0800b014                HAL_UART_Init
 .text.HAL_UART_Transmit
                0x0800b0b4      0x11c ./Drivers/STM32H7xx_HAL_Driver/Src/stm32h7xx_hal_uart.o
                0x0800b0b4                HAL_UART_Transmit
 .text.UART_SetConfig
                0x0800b1d0      0xcd8 ./Drivers/STM32H7xx_HAL_Driver/Src/stm32h7xx_hal_uart.o
                0x0800b1d0                UART_SetConfig
 .text.UART_AdvFeatureConfig
                0x0800bea8      0x144 ./Drivers/STM32H7xx_HAL_Driver/Src/stm32h7xx_hal_uart.o
                0x0800bea8                UART_AdvFeatureConfig
 .text.UART_CheckIdleState
                0x0800bfec      0x154 ./Drivers/STM32H7xx_HAL_Driver/Src/stm32h7xx_hal_uart.o
                0x0800bfec                UART_CheckIdleState
 .text.UART_WaitOnFlagUntilTimeout
                0x0800c140       0xda ./Drivers/STM32H7xx_HAL_Driver/Src/stm32h7xx_hal_uart.o
                0x0800c140                UART_WaitOnFlagUntilTimeout
 *fill*         0x0800c21a        0x2 
 .text.UART_EndRxTransfer
                0x0800c21c       0xcc ./Drivers/STM32H7xx_HAL_Driver/Src/stm32h7xx_hal_uart.o
 .text.HAL_UARTEx_DisableFifoMode
                0x0800c2e8       0x72 ./Drivers/STM32H7xx_HAL_Driver/Src/stm32h7xx_hal_uart_ex.o
                0x0800c2e8                HAL_UARTEx_DisableFifoMode
 .text.HAL_UARTEx_SetTxFifoThreshold
                0x0800c35a       0x7c ./Drivers/STM32H7xx_HAL_Driver/Src/stm32h7xx_hal_uart_ex.o
                0x0800c35a                HAL_UARTEx_SetTxFifoThreshold
 .text.HAL_UARTEx_SetRxFifoThreshold
                0x0800c3d6       0x7c ./Drivers/STM32H7xx_HAL_Driver/Src/stm32h7xx_hal_uart_ex.o
                0x0800c3d6                HAL_UARTEx_SetRxFifoThreshold
 *fill*         0x0800c452        0x2 
 .text.UARTEx_SetNbDataToProcess
                0x0800c454       0x9c ./Drivers/STM32H7xx_HAL_Driver/Src/stm32h7xx_hal_uart_ex.o
 .text.memset   0x0800c4f0       0x10 C:/ST/STM32CubeIDE_1.16.1/STM32CubeIDE/plugins/com.st.stm32cube.ide.mcu.externaltools.gnu-tools-for-stm32.12.3.rel1.win32_1.0.200.202406191623/tools/bin/../lib/gcc/arm-none-eabi/12.3.1/../../../../arm-none-eabi/lib/thumb/v7e-m+dp/hard\libc_nano.a(libc_a-memset.o)
                0x0800c4f0                memset
 .text.__libc_init_array
                0x0800c500       0x48 C:/ST/STM32CubeIDE_1.16.1/STM32CubeIDE/plugins/com.st.stm32cube.ide.mcu.externaltools.gnu-tools-for-stm32.12.3.rel1.win32_1.0.200.202406191623/tools/bin/../lib/gcc/arm-none-eabi/12.3.1/../../../../arm-none-eabi/lib/thumb/v7e-m+dp/hard\libc_nano.a(libc_a-init.o)
                0x0800c500                __libc_init_array
 *(.glue_7)
 .glue_7        0x0800c548        0x0 linker stubs
 *(.glue_7t)
 .glue_7t       0x0800c548        0x0 linker stubs
 *(.eh_frame)
 .eh_frame      0x0800c548        0x0 C:/ST/STM32CubeIDE_1.16.1/STM32CubeIDE/plugins/com.st.stm32cube.ide.mcu.externaltools.gnu-tools-for-stm32.12.3.rel1.win32_1.0.200.202406191623/tools/bin/../lib/gcc/arm-none-eabi/12.3.1/thumb/v7e-m+dp/hard/crtbegin.o
 *(.init)
 .init          0x0800c548        0x4 C:/ST/STM32CubeIDE_1.16.1/STM32CubeIDE/plugins/com.st.stm32cube.ide.mcu.externaltools.gnu-tools-for-stm32.12.3.rel1.win32_1.0.200.202406191623/tools/bin/../lib/gcc/arm-none-eabi/12.3.1/thumb/v7e-m+dp/hard/crti.o
                0x0800c548                _init
 .init          0x0800c54c        0x8 C:/ST/STM32CubeIDE_1.16.1/STM32CubeIDE/plugins/com.st.stm32cube.ide.mcu.externaltools.gnu-tools-for-stm32.12.3.rel1.win32_1.0.200.202406191623/tools/bin/../lib/gcc/arm-none-eabi/12.3.1/thumb/v7e-m+dp/hard/crtn.o
 *(.fini)
 .fini          0x0800c554        0x4 C:/ST/STM32CubeIDE_1.16.1/STM32CubeIDE/plugins/com.st.stm32cube.ide.mcu.externaltools.gnu-tools-for-stm32.12.3.rel1.win32_1.0.200.202406191623/tools/bin/../lib/gcc/arm-none-eabi/12.3.1/thumb/v7e-m+dp/hard/crti.o
                0x0800c554                _fini
 .fini          0x0800c558        0x8 C:/ST/STM32CubeIDE_1.16.1/STM32CubeIDE/plugins/com.st.stm32cube.ide.mcu.externaltools.gnu-tools-for-stm32.12.3.rel1.win32_1.0.200.202406191623/tools/bin/../lib/gcc/arm-none-eabi/12.3.1/thumb/v7e-m+dp/hard/crtn.o
                0x0800c560                        . = ALIGN (0x4)
                0x0800c560                        _etext = .

.vfp11_veneer   0x0800c560        0x0
 .vfp11_veneer  0x0800c560        0x0 linker stubs

.v4_bx          0x0800c560        0x0
 .v4_bx         0x0800c560        0x0 linker stubs

.iplt           0x0800c560        0x0
 .iplt          0x0800c560        0x0 C:/ST/STM32CubeIDE_1.16.1/STM32CubeIDE/plugins/com.st.stm32cube.ide.mcu.externaltools.gnu-tools-for-stm32.12.3.rel1.win32_1.0.200.202406191623/tools/bin/../lib/gcc/arm-none-eabi/12.3.1/thumb/v7e-m+dp/hard/crtbegin.o

.rodata         0x0800c560       0x40
                0x0800c560                        . = ALIGN (0x4)
 *(.rodata)
 *(.rodata*)
 .rodata.D1CorePrescTable
                0x0800c560       0x10 ./Core/Src/system_stm32h7xx.o
                0x0800c560                D1CorePrescTable
 .rodata.flagBitshiftOffset.0
                0x0800c570        0x8 ./Drivers/STM32H7xx_HAL_Driver/Src/stm32h7xx_hal_dma.o
 .rodata.UARTPrescTable
                0x0800c578       0x18 ./Drivers/STM32H7xx_HAL_Driver/Src/stm32h7xx_hal_uart.o
                0x0800c578                UARTPrescTable
 .rodata.numerator.1
                0x0800c590        0x8 ./Drivers/STM32H7xx_HAL_Driver/Src/stm32h7xx_hal_uart_ex.o
 .rodata.denominator.0
                0x0800c598        0x8 ./Drivers/STM32H7xx_HAL_Driver/Src/stm32h7xx_hal_uart_ex.o
                0x0800c5a0                        . = ALIGN (0x4)

.ARM.extab
 *(.ARM.extab* .gnu.linkonce.armextab.*)

.ARM            0x0800c5a0        0x8
                0x0800c5a0                        __exidx_start = .
 *(.ARM.exidx*)
 .ARM.exidx     0x0800c5a0        0x8 C:/ST/STM32CubeIDE_1.16.1/STM32CubeIDE/plugins/com.st.stm32cube.ide.mcu.externaltools.gnu-tools-for-stm32.12.3.rel1.win32_1.0.200.202406191623/tools/bin/../lib/gcc/arm-none-eabi/12.3.1/thumb/v7e-m+dp/hard\libgcc.a(_udivmoddi4.o)
                0x0800c5a8                        __exidx_end = .

.preinit_array  0x0800c5a8        0x0
                0x0800c5a8                        PROVIDE (__preinit_array_start = .)
 *(.preinit_array*)
                0x0800c5a8                        PROVIDE (__preinit_array_end = .)

.init_array     0x0800c5a8        0x4
                0x0800c5a8                        PROVIDE (__init_array_start = .)
 *(SORT_BY_NAME(.init_array.*))
 *(.init_array*)
 .init_array    0x0800c5a8        0x4 C:/ST/STM32CubeIDE_1.16.1/STM32CubeIDE/plugins/com.st.stm32cube.ide.mcu.externaltools.gnu-tools-for-stm32.12.3.rel1.win32_1.0.200.202406191623/tools/bin/../lib/gcc/arm-none-eabi/12.3.1/thumb/v7e-m+dp/hard/crtbegin.o
                0x0800c5ac                        PROVIDE (__init_array_end = .)

.fini_array     0x0800c5ac        0x4
                [!provide]                        PROVIDE (__fini_array_start = .)
 *(SORT_BY_NAME(.fini_array.*))
 *(.fini_array*)
 .fini_array    0x0800c5ac        0x4 C:/ST/STM32CubeIDE_1.16.1/STM32CubeIDE/plugins/com.st.stm32cube.ide.mcu.externaltools.gnu-tools-for-stm32.12.3.rel1.win32_1.0.200.202406191623/tools/bin/../lib/gcc/arm-none-eabi/12.3.1/thumb/v7e-m+dp/hard/crtbegin.o
                [!provide]                        PROVIDE (__fini_array_end = .)
                0x0800c5b0                        _sidata = LOADADDR (.data)

.rel.dyn        0x0800c5b0        0x0
 .rel.iplt      0x0800c5b0        0x0 C:/ST/STM32CubeIDE_1.16.1/STM32CubeIDE/plugins/com.st.stm32cube.ide.mcu.externaltools.gnu-tools-for-stm32.12.3.rel1.win32_1.0.200.202406191623/tools/bin/../lib/gcc/arm-none-eabi/12.3.1/thumb/v7e-m+dp/hard/crtbegin.o

.data           0x24000000       0x14 load address 0x0800c5b0
                0x24000000                        . = ALIGN (0x4)
                0x24000000                        _sdata = .
 *(.data)
 *(.data*)
 .data.DAC_value.0
                0x24000000        0x4 ./Core/Src/main.o
 .data.SystemCoreClock
                0x24000004        0x4 ./Core/Src/system_stm32h7xx.o
                0x24000004                SystemCoreClock
 .data.SystemD2Clock
                0x24000008        0x4 ./Core/Src/system_stm32h7xx.o
                0x24000008                SystemD2Clock
 .data.uwTickPrio
                0x2400000c        0x4 ./Drivers/STM32H7xx_HAL_Driver/Src/stm32h7xx_hal.o
                0x2400000c                uwTickPrio
 .data.uwTickFreq
                0x24000010        0x1 ./Drivers/STM32H7xx_HAL_Driver/Src/stm32h7xx_hal.o
                0x24000010                uwTickFreq
 *(.RamFunc)
 *(.RamFunc*)
                0x24000014                        . = ALIGN (0x4)
 *fill*         0x24000011        0x3 
                0x24000014                        _edata = .

.igot.plt       0x24000014        0x0 load address 0x0800c5c4
 .igot.plt      0x24000014        0x0 C:/ST/STM32CubeIDE_1.16.1/STM32CubeIDE/plugins/com.st.stm32cube.ide.mcu.externaltools.gnu-tools-for-stm32.12.3.rel1.win32_1.0.200.202406191623/tools/bin/../lib/gcc/arm-none-eabi/12.3.1/thumb/v7e-m+dp/hard/crtbegin.o
                0x24000014                        . = ALIGN (0x4)

.bss            0x24000014     0x7e50 load address 0x0800c5c4
                0x24000014                        _sbss = .
                0x24000014                        __bss_start__ = _sbss
 *(.bss)
 .bss           0x24000014       0x1c C:/ST/STM32CubeIDE_1.16.1/STM32CubeIDE/plugins/com.st.stm32cube.ide.mcu.externaltools.gnu-tools-for-stm32.12.3.rel1.win32_1.0.200.202406191623/tools/bin/../lib/gcc/arm-none-eabi/12.3.1/thumb/v7e-m+dp/hard/crtbegin.o
 *(.bss*)
 .bss.ADC_buffer_entropy
                0x24000030     0x3200 ./Core/Src/global.o
                0x24000030                ADC_buffer_entropy
 .bss.ADC_buffer_certification
                0x24003230     0x3200 ./Core/Src/global.o
                0x24003230                ADC_buffer_certification
 .bss.start_time_1
                0x24006430        0x4 ./Core/Src/global.o
                0x24006430                start_time_1
 .bss.end_time_1
                0x24006434        0x4 ./Core/Src/global.o
                0x24006434                end_time_1
 .bss.elapsed_time_1
                0x24006438        0x4 ./Core/Src/global.o
                0x24006438                elapsed_time_1
 .bss.start_time_2
                0x2400643c        0x4 ./Core/Src/global.o
                0x2400643c                start_time_2
 .bss.end_time_2
                0x24006440        0x4 ./Core/Src/global.o
                0x24006440                end_time_2
 .bss.elapsed_time_2
                0x24006444        0x4 ./Core/Src/global.o
                0x24006444                elapsed_time_2
 .bss.ADC_buffer_status
                0x24006448        0x1 ./Core/Src/global.o
                0x24006448                ADC_buffer_status
 *fill*         0x24006449        0x3 
 .bss.uart_frame
                0x2400644c      0x3ec ./Core/Src/global.o
                0x2400644c                uart_frame
 .bss.hadc1     0x24006838       0x70 ./Core/Src/main.o
                0x24006838                hadc1
 .bss.hadc2     0x240068a8       0x70 ./Core/Src/main.o
                0x240068a8                hadc2
 .bss.hadc3     0x24006918       0x70 ./Core/Src/main.o
                0x24006918                hadc3
 .bss.hdma_adc1
                0x24006988       0x78 ./Core/Src/main.o
                0x24006988                hdma_adc1
 .bss.hdma_adc2
                0x24006a00       0x78 ./Core/Src/main.o
                0x24006a00                hdma_adc2
 .bss.hdma_adc3
                0x24006a78       0x78 ./Core/Src/main.o
                0x24006a78                hdma_adc3
 .bss.hdac1     0x24006af0       0x14 ./Core/Src/main.o
                0x24006af0                hdac1
 .bss.hhash     0x24006b04       0x44 ./Core/Src/main.o
                0x24006b04                hhash
 .bss.hdma_hash_in
                0x24006b48       0x78 ./Core/Src/main.o
                0x24006b48                hdma_hash_in
 .bss.hspi4     0x24006bc0       0x88 ./Core/Src/main.o
                0x24006bc0                hspi4
 .bss.htim2     0x24006c48       0x4c ./Core/Src/main.o
                0x24006c48                htim2
 .bss.htim3     0x24006c94       0x4c ./Core/Src/main.o
                0x24006c94                htim3
 .bss.htim4     0x24006ce0       0x4c ./Core/Src/main.o
                0x24006ce0                htim4
 .bss.huart7    0x24006d2c       0x94 ./Core/Src/main.o
                0x24006d2c                huart7
 .bss.huart3    0x24006dc0       0x94 ./Core/Src/main.o
                0x24006dc0                huart3
 .bss.ADC1_reading
                0x24006e54        0x2 ./Core/Src/main.o
                0x24006e54                ADC1_reading
 .bss.ADC2_reading
                0x24006e56        0x2 ./Core/Src/main.o
                0x24006e56                ADC2_reading
 .bss.fixed_frame
                0x24006e58     0x1000 ./Core/Src/main.o
                0x24006e58                fixed_frame
 .bss.HAL_error_status
                0x24007e58        0x1 ./Core/Src/main.o
                0x24007e58                HAL_error_status
 *fill*         0x24007e59        0x3 
 .bss.HAL_RCC_ADC12_CLK_ENABLED
                0x24007e5c        0x4 ./Core/Src/stm32h7xx_hal_msp.o
 .bss.uwTick    0x24007e60        0x4 ./Drivers/STM32H7xx_HAL_Driver/Src/stm32h7xx_hal.o
                0x24007e60                uwTick
 *(COMMON)
                0x24007e64                        . = ALIGN (0x4)
                0x24007e64                        _ebss = .
                0x24007e64                        __bss_end__ = _ebss

._user_heap_stack
                0x24007e64      0x604 load address 0x0800c5c4
                0x24007e68                        . = ALIGN (0x8)
 *fill*         0x24007e64        0x4 
                [!provide]                        PROVIDE (end = .)
                0x24007e68                        PROVIDE (_end = .)
                0x24008068                        . = (. + _Min_Heap_Size)
 *fill*         0x24007e68      0x200 
                0x24008468                        . = (. + _Min_Stack_Size)
 *fill*         0x24008068      0x400 
                0x24008468                        . = ALIGN (0x8)

/DISCARD/
 libc.a(*)
 libm.a(*)
 libgcc.a(*)

.ARM.attributes
                0x00000000       0x2e
 *(.ARM.attributes)
 .ARM.attributes
                0x00000000       0x20 C:/ST/STM32CubeIDE_1.16.1/STM32CubeIDE/plugins/com.st.stm32cube.ide.mcu.externaltools.gnu-tools-for-stm32.12.3.rel1.win32_1.0.200.202406191623/tools/bin/../lib/gcc/arm-none-eabi/12.3.1/thumb/v7e-m+dp/hard/crti.o
 .ARM.attributes
                0x00000020       0x32 C:/ST/STM32CubeIDE_1.16.1/STM32CubeIDE/plugins/com.st.stm32cube.ide.mcu.externaltools.gnu-tools-for-stm32.12.3.rel1.win32_1.0.200.202406191623/tools/bin/../lib/gcc/arm-none-eabi/12.3.1/thumb/v7e-m+dp/hard/crtbegin.o
 .ARM.attributes
                0x00000052       0x32 ./Core/Src/global.o
 .ARM.attributes
                0x00000084       0x32 ./Core/Src/main.o
 .ARM.attributes
                0x000000b6       0x32 ./Core/Src/stm32h7xx_hal_msp.o
 .ARM.attributes
                0x000000e8       0x32 ./Core/Src/stm32h7xx_it.o
 .ARM.attributes
                0x0000011a       0x32 ./Core/Src/system_stm32h7xx.o
 .ARM.attributes
                0x0000014c       0x32 ./Core/Src/utilities.o
 .ARM.attributes
                0x0000017e       0x21 ./Core/Startup/startup_stm32h735igkx.o
 .ARM.attributes
                0x0000019f       0x32 ./Drivers/STM32H7xx_HAL_Driver/Src/stm32h7xx_hal.o
 .ARM.attributes
                0x000001d1       0x32 ./Drivers/STM32H7xx_HAL_Driver/Src/stm32h7xx_hal_adc.o
 .ARM.attributes
                0x00000203       0x32 ./Drivers/STM32H7xx_HAL_Driver/Src/stm32h7xx_hal_adc_ex.o
 .ARM.attributes
                0x00000235       0x32 ./Drivers/STM32H7xx_HAL_Driver/Src/stm32h7xx_hal_cortex.o
 .ARM.attributes
                0x00000267       0x32 ./Drivers/STM32H7xx_HAL_Driver/Src/stm32h7xx_hal_dac.o
 .ARM.attributes
                0x00000299       0x32 ./Drivers/STM32H7xx_HAL_Driver/Src/stm32h7xx_hal_dma.o
 .ARM.attributes
                0x000002cb       0x32 ./Drivers/STM32H7xx_HAL_Driver/Src/stm32h7xx_hal_gpio.o
 .ARM.attributes
                0x000002fd       0x32 ./Drivers/STM32H7xx_HAL_Driver/Src/stm32h7xx_hal_hash.o
 .ARM.attributes
                0x0000032f       0x32 ./Drivers/STM32H7xx_HAL_Driver/Src/stm32h7xx_hal_pwr_ex.o
 .ARM.attributes
                0x00000361       0x32 ./Drivers/STM32H7xx_HAL_Driver/Src/stm32h7xx_hal_rcc.o
 .ARM.attributes
                0x00000393       0x32 ./Drivers/STM32H7xx_HAL_Driver/Src/stm32h7xx_hal_rcc_ex.o
 .ARM.attributes
                0x000003c5       0x32 ./Drivers/STM32H7xx_HAL_Driver/Src/stm32h7xx_hal_spi.o
 .ARM.attributes
                0x000003f7       0x32 ./Drivers/STM32H7xx_HAL_Driver/Src/stm32h7xx_hal_tim.o
 .ARM.attributes
                0x00000429       0x32 ./Drivers/STM32H7xx_HAL_Driver/Src/stm32h7xx_hal_tim_ex.o
 .ARM.attributes
                0x0000045b       0x32 ./Drivers/STM32H7xx_HAL_Driver/Src/stm32h7xx_hal_uart.o
 .ARM.attributes
                0x0000048d       0x32 ./Drivers/STM32H7xx_HAL_Driver/Src/stm32h7xx_hal_uart_ex.o
 .ARM.attributes
                0x000004bf       0x32 C:/ST/STM32CubeIDE_1.16.1/STM32CubeIDE/plugins/com.st.stm32cube.ide.mcu.externaltools.gnu-tools-for-stm32.12.3.rel1.win32_1.0.200.202406191623/tools/bin/../lib/gcc/arm-none-eabi/12.3.1/../../../../arm-none-eabi/lib/thumb/v7e-m+dp/hard\libc_nano.a(libc_a-memset.o)
 .ARM.attributes
                0x000004f1       0x32 C:/ST/STM32CubeIDE_1.16.1/STM32CubeIDE/plugins/com.st.stm32cube.ide.mcu.externaltools.gnu-tools-for-stm32.12.3.rel1.win32_1.0.200.202406191623/tools/bin/../lib/gcc/arm-none-eabi/12.3.1/../../../../arm-none-eabi/lib/thumb/v7e-m+dp/hard\libc_nano.a(libc_a-init.o)
 .ARM.attributes
                0x00000523       0x20 C:/ST/STM32CubeIDE_1.16.1/STM32CubeIDE/plugins/com.st.stm32cube.ide.mcu.externaltools.gnu-tools-for-stm32.12.3.rel1.win32_1.0.200.202406191623/tools/bin/../lib/gcc/arm-none-eabi/12.3.1/thumb/v7e-m+dp/hard\libgcc.a(_aeabi_uldivmod.o)
 .ARM.attributes
                0x00000543       0x32 C:/ST/STM32CubeIDE_1.16.1/STM32CubeIDE/plugins/com.st.stm32cube.ide.mcu.externaltools.gnu-tools-for-stm32.12.3.rel1.win32_1.0.200.202406191623/tools/bin/../lib/gcc/arm-none-eabi/12.3.1/thumb/v7e-m+dp/hard\libgcc.a(_udivmoddi4.o)
 .ARM.attributes
                0x00000575       0x20 C:/ST/STM32CubeIDE_1.16.1/STM32CubeIDE/plugins/com.st.stm32cube.ide.mcu.externaltools.gnu-tools-for-stm32.12.3.rel1.win32_1.0.200.202406191623/tools/bin/../lib/gcc/arm-none-eabi/12.3.1/thumb/v7e-m+dp/hard\libgcc.a(_dvmd_tls.o)
 .ARM.attributes
                0x00000595       0x20 C:/ST/STM32CubeIDE_1.16.1/STM32CubeIDE/plugins/com.st.stm32cube.ide.mcu.externaltools.gnu-tools-for-stm32.12.3.rel1.win32_1.0.200.202406191623/tools/bin/../lib/gcc/arm-none-eabi/12.3.1/thumb/v7e-m+dp/hard/crtn.o
OUTPUT(RAFT.elf elf32-littlearm)
LOAD linker stubs
LOAD C:/ST/STM32CubeIDE_1.16.1/STM32CubeIDE/plugins/com.st.stm32cube.ide.mcu.externaltools.gnu-tools-for-stm32.12.3.rel1.win32_1.0.200.202406191623/tools/bin/../lib/gcc/arm-none-eabi/12.3.1/../../../../arm-none-eabi/lib/thumb/v7e-m+dp/hard\libc.a
LOAD C:/ST/STM32CubeIDE_1.16.1/STM32CubeIDE/plugins/com.st.stm32cube.ide.mcu.externaltools.gnu-tools-for-stm32.12.3.rel1.win32_1.0.200.202406191623/tools/bin/../lib/gcc/arm-none-eabi/12.3.1/../../../../arm-none-eabi/lib/thumb/v7e-m+dp/hard\libm.a
LOAD C:/ST/STM32CubeIDE_1.16.1/STM32CubeIDE/plugins/com.st.stm32cube.ide.mcu.externaltools.gnu-tools-for-stm32.12.3.rel1.win32_1.0.200.202406191623/tools/bin/../lib/gcc/arm-none-eabi/12.3.1/thumb/v7e-m+dp/hard\libgcc.a

.debug_info     0x00000000    0x2050d
 .debug_info    0x00000000      0x2fc ./Core/Src/global.o
 .debug_info    0x000002fc     0x31a9 ./Core/Src/main.o
 .debug_info    0x000034a5     0x2859 ./Core/Src/stm32h7xx_hal_msp.o
 .debug_info    0x00005cfe      0x8b2 ./Core/Src/stm32h7xx_it.o
 .debug_info    0x000065b0      0xb2e ./Core/Src/system_stm32h7xx.o
 .debug_info    0x000070de      0x415 ./Core/Src/utilities.o
 .debug_info    0x000074f3       0x30 ./Core/Startup/startup_stm32h735igkx.o
 .debug_info    0x00007523     0x16aa ./Drivers/STM32H7xx_HAL_Driver/Src/stm32h7xx_hal.o
 .debug_info    0x00008bcd     0x2463 ./Drivers/STM32H7xx_HAL_Driver/Src/stm32h7xx_hal_adc.o
 .debug_info    0x0000b030     0x2436 ./Drivers/STM32H7xx_HAL_Driver/Src/stm32h7xx_hal_adc_ex.o
 .debug_info    0x0000d466     0x10b2 ./Drivers/STM32H7xx_HAL_Driver/Src/stm32h7xx_hal_cortex.o
 .debug_info    0x0000e518      0xbb8 ./Drivers/STM32H7xx_HAL_Driver/Src/stm32h7xx_hal_dac.o
 .debug_info    0x0000f0d0      0xb67 ./Drivers/STM32H7xx_HAL_Driver/Src/stm32h7xx_hal_dma.o
 .debug_info    0x0000fc37      0xc5c ./Drivers/STM32H7xx_HAL_Driver/Src/stm32h7xx_hal_gpio.o
 .debug_info    0x00010893     0x1bc6 ./Drivers/STM32H7xx_HAL_Driver/Src/stm32h7xx_hal_hash.o
 .debug_info    0x00012459      0xdc4 ./Drivers/STM32H7xx_HAL_Driver/Src/stm32h7xx_hal_pwr_ex.o
 .debug_info    0x0001321d      0xd73 ./Drivers/STM32H7xx_HAL_Driver/Src/stm32h7xx_hal_rcc.o
 .debug_info    0x00013f90     0x11fc ./Drivers/STM32H7xx_HAL_Driver/Src/stm32h7xx_hal_rcc_ex.o
 .debug_info    0x0001518c     0x1440 ./Drivers/STM32H7xx_HAL_Driver/Src/stm32h7xx_hal_spi.o
 .debug_info    0x000165cc     0x2bae ./Drivers/STM32H7xx_HAL_Driver/Src/stm32h7xx_hal_tim.o
 .debug_info    0x0001917a     0x18c1 ./Drivers/STM32H7xx_HAL_Driver/Src/stm32h7xx_hal_tim_ex.o
 .debug_info    0x0001aa3b     0x4b13 ./Drivers/STM32H7xx_HAL_Driver/Src/stm32h7xx_hal_uart.o
 .debug_info    0x0001f54e      0xfbf ./Drivers/STM32H7xx_HAL_Driver/Src/stm32h7xx_hal_uart_ex.o

.debug_abbrev   0x00000000     0x3618
 .debug_abbrev  0x00000000       0x9d ./Core/Src/global.o
 .debug_abbrev  0x0000009d      0x35d ./Core/Src/main.o
 .debug_abbrev  0x000003fa      0x297 ./Core/Src/stm32h7xx_hal_msp.o
 .debug_abbrev  0x00000691      0x1ad ./Core/Src/stm32h7xx_it.o
 .debug_abbrev  0x0000083e      0x13a ./Core/Src/system_stm32h7xx.o
 .debug_abbrev  0x00000978      0x1ec ./Core/Src/utilities.o
 .debug_abbrev  0x00000b64       0x24 ./Core/Startup/startup_stm32h735igkx.o
 .debug_abbrev  0x00000b88      0x29e ./Drivers/STM32H7xx_HAL_Driver/Src/stm32h7xx_hal.o
 .debug_abbrev  0x00000e26      0x309 ./Drivers/STM32H7xx_HAL_Driver/Src/stm32h7xx_hal_adc.o
 .debug_abbrev  0x0000112f      0x346 ./Drivers/STM32H7xx_HAL_Driver/Src/stm32h7xx_hal_adc_ex.o
 .debug_abbrev  0x00001475      0x339 ./Drivers/STM32H7xx_HAL_Driver/Src/stm32h7xx_hal_cortex.o
 .debug_abbrev  0x000017ae      0x20c ./Drivers/STM32H7xx_HAL_Driver/Src/stm32h7xx_hal_dac.o
 .debug_abbrev  0x000019ba      0x248 ./Drivers/STM32H7xx_HAL_Driver/Src/stm32h7xx_hal_dma.o
 .debug_abbrev  0x00001c02      0x1fe ./Drivers/STM32H7xx_HAL_Driver/Src/stm32h7xx_hal_gpio.o
 .debug_abbrev  0x00001e00      0x29d ./Drivers/STM32H7xx_HAL_Driver/Src/stm32h7xx_hal_hash.o
 .debug_abbrev  0x0000209d      0x295 ./Drivers/STM32H7xx_HAL_Driver/Src/stm32h7xx_hal_pwr_ex.o
 .debug_abbrev  0x00002332      0x2b1 ./Drivers/STM32H7xx_HAL_Driver/Src/stm32h7xx_hal_rcc.o
 .debug_abbrev  0x000025e3      0x269 ./Drivers/STM32H7xx_HAL_Driver/Src/stm32h7xx_hal_rcc_ex.o
 .debug_abbrev  0x0000284c      0x2b1 ./Drivers/STM32H7xx_HAL_Driver/Src/stm32h7xx_hal_spi.o
 .debug_abbrev  0x00002afd      0x276 ./Drivers/STM32H7xx_HAL_Driver/Src/stm32h7xx_hal_tim.o
 .debug_abbrev  0x00002d73      0x296 ./Drivers/STM32H7xx_HAL_Driver/Src/stm32h7xx_hal_tim_ex.o
 .debug_abbrev  0x00003009      0x33d ./Drivers/STM32H7xx_HAL_Driver/Src/stm32h7xx_hal_uart.o
 .debug_abbrev  0x00003346      0x2d2 ./Drivers/STM32H7xx_HAL_Driver/Src/stm32h7xx_hal_uart_ex.o

.debug_aranges  0x00000000     0x1a18
 .debug_aranges
                0x00000000       0x18 ./Core/Src/global.o
 .debug_aranges
                0x00000018       0xc8 ./Core/Src/main.o
 .debug_aranges
                0x000000e0       0x80 ./Core/Src/stm32h7xx_hal_msp.o
 .debug_aranges
                0x00000160       0x90 ./Core/Src/stm32h7xx_it.o
 .debug_aranges
                0x000001f0       0x28 ./Core/Src/system_stm32h7xx.o
 .debug_aranges
                0x00000218       0x38 ./Core/Src/utilities.o
 .debug_aranges
                0x00000250       0x28 ./Core/Startup/startup_stm32h735igkx.o
 .debug_aranges
                0x00000278      0x1c8 ./Drivers/STM32H7xx_HAL_Driver/Src/stm32h7xx_hal.o
 .debug_aranges
                0x00000440      0x260 ./Drivers/STM32H7xx_HAL_Driver/Src/stm32h7xx_hal_adc.o
 .debug_aranges
                0x000006a0      0x1f0 ./Drivers/STM32H7xx_HAL_Driver/Src/stm32h7xx_hal_adc_ex.o
 .debug_aranges
                0x00000890      0x130 ./Drivers/STM32H7xx_HAL_Driver/Src/stm32h7xx_hal_cortex.o
 .debug_aranges
                0x000009c0       0xc0 ./Drivers/STM32H7xx_HAL_Driver/Src/stm32h7xx_hal_dac.o
 .debug_aranges
                0x00000a80       0xa0 ./Drivers/STM32H7xx_HAL_Driver/Src/stm32h7xx_hal_dma.o
 .debug_aranges
                0x00000b20       0x58 ./Drivers/STM32H7xx_HAL_Driver/Src/stm32h7xx_hal_gpio.o
 .debug_aranges
                0x00000b78      0x1c8 ./Drivers/STM32H7xx_HAL_Driver/Src/stm32h7xx_hal_hash.o
 .debug_aranges
                0x00000d40      0x148 ./Drivers/STM32H7xx_HAL_Driver/Src/stm32h7xx_hal_pwr_ex.o
 .debug_aranges
                0x00000e88       0x88 ./Drivers/STM32H7xx_HAL_Driver/Src/stm32h7xx_hal_rcc.o
 .debug_aranges
                0x00000f10       0xf8 ./Drivers/STM32H7xx_HAL_Driver/Src/stm32h7xx_hal_rcc_ex.o
 .debug_aranges
                0x00001008      0x1a8 ./Drivers/STM32H7xx_HAL_Driver/Src/stm32h7xx_hal_spi.o
 .debug_aranges
                0x000011b0      0x3e0 ./Drivers/STM32H7xx_HAL_Driver/Src/stm32h7xx_hal_tim.o
 .debug_aranges
                0x00001590      0x198 ./Drivers/STM32H7xx_HAL_Driver/Src/stm32h7xx_hal_tim_ex.o
 .debug_aranges
                0x00001728      0x248 ./Drivers/STM32H7xx_HAL_Driver/Src/stm32h7xx_hal_uart.o
 .debug_aranges
                0x00001970       0xa8 ./Drivers/STM32H7xx_HAL_Driver/Src/stm32h7xx_hal_uart_ex.o

.debug_macro    0x00000000    0x378bf
 .debug_macro   0x00000000      0x351 ./Core/Src/global.o
 .debug_macro   0x00000351      0xacc ./Core/Src/global.o
 .debug_macro   0x00000e1d      0x250 ./Core/Src/global.o
 .debug_macro   0x0000106d       0x2e ./Core/Src/global.o
 .debug_macro   0x0000109b       0x42 ./Core/Src/global.o
 .debug_macro   0x000010dd       0x22 ./Core/Src/global.o
 .debug_macro   0x000010ff       0x8e ./Core/Src/global.o
 .debug_macro   0x0000118d       0x51 ./Core/Src/global.o
 .debug_macro   0x000011de      0x103 ./Core/Src/global.o
 .debug_macro   0x000012e1       0x6a ./Core/Src/global.o
 .debug_macro   0x0000134b      0x1df ./Core/Src/global.o
 .debug_macro   0x0000152a       0x1c ./Core/Src/global.o
 .debug_macro   0x00001546       0x22 ./Core/Src/global.o
 .debug_macro   0x00001568       0xfb ./Core/Src/global.o
 .debug_macro   0x00001663     0x1305 ./Core/Src/global.o
 .debug_macro   0x00002968      0x11f ./Core/Src/global.o
 .debug_macro   0x00002a87       0x27 ./Core/Src/global.o
 .debug_macro   0x00002aae    0x21cf4 ./Core/Src/global.o
 .debug_macro   0x000247a2       0x6d ./Core/Src/global.o
 .debug_macro   0x0002480f     0x3d64 ./Core/Src/global.o
 .debug_macro   0x00028573      0x189 ./Core/Src/global.o
 .debug_macro   0x000286fc       0x61 ./Core/Src/global.o
 .debug_macro   0x0002875d       0x29 ./Core/Src/global.o
 .debug_macro   0x00028786       0x43 ./Core/Src/global.o
 .debug_macro   0x000287c9       0x34 ./Core/Src/global.o
 .debug_macro   0x000287fd       0x16 ./Core/Src/global.o
 .debug_macro   0x00028813       0x43 ./Core/Src/global.o
 .debug_macro   0x00028856       0x34 ./Core/Src/global.o
 .debug_macro   0x0002888a       0x10 ./Core/Src/global.o
 .debug_macro   0x0002889a       0x58 ./Core/Src/global.o
 .debug_macro   0x000288f2       0x8e ./Core/Src/global.o
 .debug_macro   0x00028980       0x1c ./Core/Src/global.o
 .debug_macro   0x0002899c      0x177 ./Core/Src/global.o
 .debug_macro   0x00028b13      0x369 ./Core/Src/global.o
 .debug_macro   0x00028e7c      0x19b ./Core/Src/global.o
 .debug_macro   0x00029017       0x5d ./Core/Src/global.o
 .debug_macro   0x00029074     0x257a ./Core/Src/global.o
 .debug_macro   0x0002b5ee     0x1079 ./Core/Src/global.o
 .debug_macro   0x0002c667      0x154 ./Core/Src/global.o
 .debug_macro   0x0002c7bb      0x114 ./Core/Src/global.o
 .debug_macro   0x0002c8cf      0x3fc ./Core/Src/global.o
 .debug_macro   0x0002cccb       0xac ./Core/Src/global.o
 .debug_macro   0x0002cd77      0x788 ./Core/Src/global.o
 .debug_macro   0x0002d4ff      0x228 ./Core/Src/global.o
 .debug_macro   0x0002d727       0x66 ./Core/Src/global.o
 .debug_macro   0x0002d78d      0x3a6 ./Core/Src/global.o
 .debug_macro   0x0002db33      0x122 ./Core/Src/global.o
 .debug_macro   0x0002dc55      0x3f9 ./Core/Src/global.o
 .debug_macro   0x0002e04e      0x275 ./Core/Src/global.o
 .debug_macro   0x0002e2c3     0x1178 ./Core/Src/global.o
 .debug_macro   0x0002f43b      0x7c8 ./Core/Src/global.o
 .debug_macro   0x0002fc03      0x39f ./Core/Src/global.o
 .debug_macro   0x0002ffa2      0x184 ./Core/Src/global.o
 .debug_macro   0x00030126       0xd9 ./Core/Src/global.o
 .debug_macro   0x000301ff      0x3ca ./Core/Src/global.o
 .debug_macro   0x000305c9      0x45c ./Core/Src/global.o
 .debug_macro   0x00030a25       0x3c ./Core/Src/global.o
 .debug_macro   0x00030a61       0x4a ./Core/Src/global.o
 .debug_macro   0x00030aab      0x22c ./Core/Src/global.o
 .debug_macro   0x00030cd7       0x67 ./Core/Src/global.o
 .debug_macro   0x00030d3e       0xa5 ./Core/Src/global.o
 .debug_macro   0x00030de3      0x1c4 ./Core/Src/global.o
 .debug_macro   0x00030fa7      0x25b ./Core/Src/global.o
 .debug_macro   0x00031202       0x35 ./Core/Src/global.o
 .debug_macro   0x00031237      0x5e4 ./Core/Src/global.o
 .debug_macro   0x0003181b       0xc1 ./Core/Src/global.o
 .debug_macro   0x000318dc      0xb24 ./Core/Src/global.o
 .debug_macro   0x00032400      0x29f ./Core/Src/global.o
 .debug_macro   0x0003269f      0x693 ./Core/Src/global.o
 .debug_macro   0x00032d32       0xa6 ./Core/Src/global.o
 .debug_macro   0x00032dd8      0x5e6 ./Core/Src/global.o
 .debug_macro   0x000333be       0x1c ./Core/Src/global.o
 .debug_macro   0x000333da       0x35 ./Core/Src/global.o
 .debug_macro   0x0003340f       0x10 ./Core/Src/global.o
 .debug_macro   0x0003341f       0x1c ./Core/Src/global.o
 .debug_macro   0x0003343b       0x16 ./Core/Src/global.o
 .debug_macro   0x00033451      0x146 ./Core/Src/global.o
 .debug_macro   0x00033597       0x52 ./Core/Src/global.o
 .debug_macro   0x000335e9      0x385 ./Core/Src/main.o
 .debug_macro   0x0003396e      0x318 ./Core/Src/stm32h7xx_hal_msp.o
 .debug_macro   0x00033c86      0x322 ./Core/Src/stm32h7xx_it.o
 .debug_macro   0x00033fa8      0x30e ./Core/Src/system_stm32h7xx.o
 .debug_macro   0x000342b6      0x36a ./Core/Src/utilities.o
 .debug_macro   0x00034620       0x16 ./Core/Src/utilities.o
 .debug_macro   0x00034636      0x338 ./Drivers/STM32H7xx_HAL_Driver/Src/stm32h7xx_hal.o
 .debug_macro   0x0003496e      0x339 ./Drivers/STM32H7xx_HAL_Driver/Src/stm32h7xx_hal_adc.o
 .debug_macro   0x00034ca7      0x31a ./Drivers/STM32H7xx_HAL_Driver/Src/stm32h7xx_hal_adc_ex.o
 .debug_macro   0x00034fc1      0x30e ./Drivers/STM32H7xx_HAL_Driver/Src/stm32h7xx_hal_cortex.o
 .debug_macro   0x000352cf      0x316 ./Drivers/STM32H7xx_HAL_Driver/Src/stm32h7xx_hal_dac.o
 .debug_macro   0x000355e5      0x362 ./Drivers/STM32H7xx_HAL_Driver/Src/stm32h7xx_hal_dma.o
 .debug_macro   0x00035947      0x315 ./Drivers/STM32H7xx_HAL_Driver/Src/stm32h7xx_hal_gpio.o
 .debug_macro   0x00035c5c      0x332 ./Drivers/STM32H7xx_HAL_Driver/Src/stm32h7xx_hal_hash.o
 .debug_macro   0x00035f8e      0x347 ./Drivers/STM32H7xx_HAL_Driver/Src/stm32h7xx_hal_pwr_ex.o
 .debug_macro   0x000362d5      0x332 ./Drivers/STM32H7xx_HAL_Driver/Src/stm32h7xx_hal_rcc.o
 .debug_macro   0x00036607      0x32c ./Drivers/STM32H7xx_HAL_Driver/Src/stm32h7xx_hal_rcc_ex.o
 .debug_macro   0x00036933      0x316 ./Drivers/STM32H7xx_HAL_Driver/Src/stm32h7xx_hal_spi.o
 .debug_macro   0x00036c49      0x30f ./Drivers/STM32H7xx_HAL_Driver/Src/stm32h7xx_hal_tim.o
 .debug_macro   0x00036f58      0x314 ./Drivers/STM32H7xx_HAL_Driver/Src/stm32h7xx_hal_tim_ex.o
 .debug_macro   0x0003726c      0x339 ./Drivers/STM32H7xx_HAL_Driver/Src/stm32h7xx_hal_uart.o
 .debug_macro   0x000375a5      0x31a ./Drivers/STM32H7xx_HAL_Driver/Src/stm32h7xx_hal_uart_ex.o

.debug_line     0x00000000    0x23415
 .debug_line    0x00000000      0x9c1 ./Core/Src/global.o
 .debug_line    0x000009c1     0x1068 ./Core/Src/main.o
 .debug_line    0x00001a29      0xd11 ./Core/Src/stm32h7xx_hal_msp.o
 .debug_line    0x0000273a      0xb13 ./Core/Src/stm32h7xx_it.o
 .debug_line    0x0000324d      0xb71 ./Core/Src/system_stm32h7xx.o
 .debug_line    0x00003dbe      0xb95 ./Core/Src/utilities.o
 .debug_line    0x00004953       0x7a ./Core/Startup/startup_stm32h735igkx.o
 .debug_line    0x000049cd     0x1002 ./Drivers/STM32H7xx_HAL_Driver/Src/stm32h7xx_hal.o
 .debug_line    0x000059cf     0x28bd ./Drivers/STM32H7xx_HAL_Driver/Src/stm32h7xx_hal_adc.o
 .debug_line    0x0000828c     0x2393 ./Drivers/STM32H7xx_HAL_Driver/Src/stm32h7xx_hal_adc_ex.o
 .debug_line    0x0000a61f      0xfa0 ./Drivers/STM32H7xx_HAL_Driver/Src/stm32h7xx_hal_cortex.o
 .debug_line    0x0000b5bf      0xec1 ./Drivers/STM32H7xx_HAL_Driver/Src/stm32h7xx_hal_dac.o
 .debug_line    0x0000c480     0x28d7 ./Drivers/STM32H7xx_HAL_Driver/Src/stm32h7xx_hal_dma.o
 .debug_line    0x0000ed57      0xe35 ./Drivers/STM32H7xx_HAL_Driver/Src/stm32h7xx_hal_gpio.o
 .debug_line    0x0000fb8c     0x1f7a ./Drivers/STM32H7xx_HAL_Driver/Src/stm32h7xx_hal_hash.o
 .debug_line    0x00011b06     0x101a ./Drivers/STM32H7xx_HAL_Driver/Src/stm32h7xx_hal_pwr_ex.o
 .debug_line    0x00012b20     0x1498 ./Drivers/STM32H7xx_HAL_Driver/Src/stm32h7xx_hal_rcc.o
 .debug_line    0x00013fb8     0x1d67 ./Drivers/STM32H7xx_HAL_Driver/Src/stm32h7xx_hal_rcc_ex.o
 .debug_line    0x00015d1f     0x2491 ./Drivers/STM32H7xx_HAL_Driver/Src/stm32h7xx_hal_spi.o
 .debug_line    0x000181b0     0x4193 ./Drivers/STM32H7xx_HAL_Driver/Src/stm32h7xx_hal_tim.o
 .debug_line    0x0001c343     0x2065 ./Drivers/STM32H7xx_HAL_Driver/Src/stm32h7xx_hal_tim_ex.o
 .debug_line    0x0001e3a8     0x405e ./Drivers/STM32H7xx_HAL_Driver/Src/stm32h7xx_hal_uart.o
 .debug_line    0x00022406     0x100f ./Drivers/STM32H7xx_HAL_Driver/Src/stm32h7xx_hal_uart_ex.o

.debug_str      0x00000000   0x16e3db
 .debug_str     0x00000000   0x165119 ./Core/Src/global.o
                             0x16578d (size before relaxing)
 .debug_str     0x00165119     0x2671 ./Core/Src/main.o
                             0x16804c (size before relaxing)
 .debug_str     0x0016778a      0x213 ./Core/Src/stm32h7xx_hal_msp.o
                             0x167085 (size before relaxing)
 .debug_str     0x0016799d      0x16f ./Core/Src/stm32h7xx_it.o
                             0x1655d6 (size before relaxing)
 .debug_str     0x00167b0c      0x2a4 ./Core/Src/system_stm32h7xx.o
                             0x1652e9 (size before relaxing)
 .debug_str     0x00167db0      0x170 ./Core/Src/utilities.o
                             0x1657b2 (size before relaxing)
 .debug_str     0x00167f20       0x44 ./Core/Startup/startup_stm32h735igkx.o
                                 0x71 (size before relaxing)
 .debug_str     0x00167f64      0x910 ./Drivers/STM32H7xx_HAL_Driver/Src/stm32h7xx_hal.o
                             0x16639c (size before relaxing)
 .debug_str     0x00168874      0xc64 ./Drivers/STM32H7xx_HAL_Driver/Src/stm32h7xx_hal_adc.o
                             0x16637a (size before relaxing)
 .debug_str     0x001694d8      0x79f ./Drivers/STM32H7xx_HAL_Driver/Src/stm32h7xx_hal_adc_ex.o
                             0x16629a (size before relaxing)
 .debug_str     0x00169c77      0x35f ./Drivers/STM32H7xx_HAL_Driver/Src/stm32h7xx_hal_cortex.o
                             0x165cb6 (size before relaxing)
 .debug_str     0x00169fd6      0x20f ./Drivers/STM32H7xx_HAL_Driver/Src/stm32h7xx_hal_dac.o
                             0x165625 (size before relaxing)
 .debug_str     0x0016a1e5      0x88b ./Drivers/STM32H7xx_HAL_Driver/Src/stm32h7xx_hal_dma.o
                             0x165a9e (size before relaxing)
 .debug_str     0x0016aa70       0xec ./Drivers/STM32H7xx_HAL_Driver/Src/stm32h7xx_hal_gpio.o
                             0x165334 (size before relaxing)
 .debug_str     0x0016ab5c      0x576 ./Drivers/STM32H7xx_HAL_Driver/Src/stm32h7xx_hal_hash.o
                             0x165b0b (size before relaxing)
 .debug_str     0x0016b0d2      0x5d0 ./Drivers/STM32H7xx_HAL_Driver/Src/stm32h7xx_hal_pwr_ex.o
                             0x16573c (size before relaxing)
 .debug_str     0x0016b6a2      0x21a ./Drivers/STM32H7xx_HAL_Driver/Src/stm32h7xx_hal_rcc.o
                             0x1656b7 (size before relaxing)
 .debug_str     0x0016b8bc      0x630 ./Drivers/STM32H7xx_HAL_Driver/Src/stm32h7xx_hal_rcc_ex.o
                             0x165bcf (size before relaxing)
 .debug_str     0x0016beec      0x528 ./Drivers/STM32H7xx_HAL_Driver/Src/stm32h7xx_hal_spi.o
                             0x165a3a (size before relaxing)
 .debug_str     0x0016c414      0xdad ./Drivers/STM32H7xx_HAL_Driver/Src/stm32h7xx_hal_tim.o
                             0x1664b5 (size before relaxing)
 .debug_str     0x0016d1c1      0x5f6 ./Drivers/STM32H7xx_HAL_Driver/Src/stm32h7xx_hal_tim_ex.o
                             0x165e62 (size before relaxing)
 .debug_str     0x0016d7b7      0x9be ./Drivers/STM32H7xx_HAL_Driver/Src/stm32h7xx_hal_uart.o
                             0x166257 (size before relaxing)
 .debug_str     0x0016e175      0x266 ./Drivers/STM32H7xx_HAL_Driver/Src/stm32h7xx_hal_uart_ex.o
                             0x165817 (size before relaxing)

.comment        0x00000000       0x43
 .comment       0x00000000       0x43 ./Core/Src/global.o
                                 0x44 (size before relaxing)
 .comment       0x00000043       0x44 ./Core/Src/main.o
 .comment       0x00000043       0x44 ./Core/Src/stm32h7xx_hal_msp.o
 .comment       0x00000043       0x44 ./Core/Src/stm32h7xx_it.o
 .comment       0x00000043       0x44 ./Core/Src/system_stm32h7xx.o
 .comment       0x00000043       0x44 ./Core/Src/utilities.o
 .comment       0x00000043       0x44 ./Drivers/STM32H7xx_HAL_Driver/Src/stm32h7xx_hal.o
 .comment       0x00000043       0x44 ./Drivers/STM32H7xx_HAL_Driver/Src/stm32h7xx_hal_adc.o
 .comment       0x00000043       0x44 ./Drivers/STM32H7xx_HAL_Driver/Src/stm32h7xx_hal_adc_ex.o
 .comment       0x00000043       0x44 ./Drivers/STM32H7xx_HAL_Driver/Src/stm32h7xx_hal_cortex.o
 .comment       0x00000043       0x44 ./Drivers/STM32H7xx_HAL_Driver/Src/stm32h7xx_hal_dac.o
 .comment       0x00000043       0x44 ./Drivers/STM32H7xx_HAL_Driver/Src/stm32h7xx_hal_dma.o
 .comment       0x00000043       0x44 ./Drivers/STM32H7xx_HAL_Driver/Src/stm32h7xx_hal_gpio.o
 .comment       0x00000043       0x44 ./Drivers/STM32H7xx_HAL_Driver/Src/stm32h7xx_hal_hash.o
 .comment       0x00000043       0x44 ./Drivers/STM32H7xx_HAL_Driver/Src/stm32h7xx_hal_pwr_ex.o
 .comment       0x00000043       0x44 ./Drivers/STM32H7xx_HAL_Driver/Src/stm32h7xx_hal_rcc.o
 .comment       0x00000043       0x44 ./Drivers/STM32H7xx_HAL_Driver/Src/stm32h7xx_hal_rcc_ex.o
 .comment       0x00000043       0x44 ./Drivers/STM32H7xx_HAL_Driver/Src/stm32h7xx_hal_spi.o
 .comment       0x00000043       0x44 ./Drivers/STM32H7xx_HAL_Driver/Src/stm32h7xx_hal_tim.o
 .comment       0x00000043       0x44 ./Drivers/STM32H7xx_HAL_Driver/Src/stm32h7xx_hal_tim_ex.o
 .comment       0x00000043       0x44 ./Drivers/STM32H7xx_HAL_Driver/Src/stm32h7xx_hal_uart.o
 .comment       0x00000043       0x44 ./Drivers/STM32H7xx_HAL_Driver/Src/stm32h7xx_hal_uart_ex.o

.debug_rnglists
                0x00000000     0x146a
 .debug_rnglists
                0x00000000       0xa1 ./Core/Src/main.o
 .debug_rnglists
                0x000000a1       0x62 ./Core/Src/stm32h7xx_hal_msp.o
 .debug_rnglists
                0x00000103       0x67 ./Core/Src/stm32h7xx_it.o
 .debug_rnglists
                0x0000016a       0x1b ./Core/Src/system_stm32h7xx.o
 .debug_rnglists
                0x00000185       0x36 ./Core/Src/utilities.o
 .debug_rnglists
                0x000001bb       0x19 ./Core/Startup/startup_stm32h735igkx.o
 .debug_rnglists
                0x000001d4      0x155 ./Drivers/STM32H7xx_HAL_Driver/Src/stm32h7xx_hal.o
 .debug_rnglists
                0x00000329      0x1d5 ./Drivers/STM32H7xx_HAL_Driver/Src/stm32h7xx_hal_adc.o
 .debug_rnglists
                0x000004fe      0x182 ./Drivers/STM32H7xx_HAL_Driver/Src/stm32h7xx_hal_adc_ex.o
 .debug_rnglists
                0x00000680       0xe0 ./Drivers/STM32H7xx_HAL_Driver/Src/stm32h7xx_hal_cortex.o
 .debug_rnglists
                0x00000760       0x90 ./Drivers/STM32H7xx_HAL_Driver/Src/stm32h7xx_hal_dac.o
 .debug_rnglists
                0x000007f0       0x82 ./Drivers/STM32H7xx_HAL_Driver/Src/stm32h7xx_hal_dma.o
 .debug_rnglists
                0x00000872       0x3f ./Drivers/STM32H7xx_HAL_Driver/Src/stm32h7xx_hal_gpio.o
 .debug_rnglists
                0x000008b1      0x165 ./Drivers/STM32H7xx_HAL_Driver/Src/stm32h7xx_hal_hash.o
 .debug_rnglists
                0x00000a16       0xf6 ./Drivers/STM32H7xx_HAL_Driver/Src/stm32h7xx_hal_pwr_ex.o
 .debug_rnglists
                0x00000b0c       0x68 ./Drivers/STM32H7xx_HAL_Driver/Src/stm32h7xx_hal_rcc.o
 .debug_rnglists
                0x00000b74       0xc0 ./Drivers/STM32H7xx_HAL_Driver/Src/stm32h7xx_hal_rcc_ex.o
 .debug_rnglists
                0x00000c34      0x148 ./Drivers/STM32H7xx_HAL_Driver/Src/stm32h7xx_hal_spi.o
 .debug_rnglists
                0x00000d7c      0x328 ./Drivers/STM32H7xx_HAL_Driver/Src/stm32h7xx_hal_tim.o
 .debug_rnglists
                0x000010a4      0x14d ./Drivers/STM32H7xx_HAL_Driver/Src/stm32h7xx_hal_tim_ex.o
 .debug_rnglists
                0x000011f1      0x1fa ./Drivers/STM32H7xx_HAL_Driver/Src/stm32h7xx_hal_uart.o
 .debug_rnglists
                0x000013eb       0x7f ./Drivers/STM32H7xx_HAL_Driver/Src/stm32h7xx_hal_uart_ex.o

.debug_frame    0x00000000     0x71a8
 .debug_frame   0x00000000      0x2f4 ./Core/Src/main.o
 .debug_frame   0x000002f4      0x1f0 ./Core/Src/stm32h7xx_hal_msp.o
 .debug_frame   0x000004e4      0x1ac ./Core/Src/stm32h7xx_it.o
 .debug_frame   0x00000690       0x58 ./Core/Src/system_stm32h7xx.o
 .debug_frame   0x000006e8       0xb8 ./Core/Src/utilities.o
 .debug_frame   0x000007a0      0x760 ./Drivers/STM32H7xx_HAL_Driver/Src/stm32h7xx_hal.o
 .debug_frame   0x00000f00      0xb40 ./Drivers/STM32H7xx_HAL_Driver/Src/stm32h7xx_hal_adc.o
 .debug_frame   0x00001a40      0x904 ./Drivers/STM32H7xx_HAL_Driver/Src/stm32h7xx_hal_adc_ex.o
 .debug_frame   0x00002344      0x508 ./Drivers/STM32H7xx_HAL_Driver/Src/stm32h7xx_hal_cortex.o
 .debug_frame   0x0000284c      0x338 ./Drivers/STM32H7xx_HAL_Driver/Src/stm32h7xx_hal_dac.o
 .debug_frame   0x00002b84      0x2b4 ./Drivers/STM32H7xx_HAL_Driver/Src/stm32h7xx_hal_dma.o
 .debug_frame   0x00002e38      0x14c ./Drivers/STM32H7xx_HAL_Driver/Src/stm32h7xx_hal_gpio.o
 .debug_frame   0x00002f84      0x7ec ./Drivers/STM32H7xx_HAL_Driver/Src/stm32h7xx_hal_hash.o
 .debug_frame   0x00003770      0x540 ./Drivers/STM32H7xx_HAL_Driver/Src/stm32h7xx_hal_pwr_ex.o
 .debug_frame   0x00003cb0      0x1fc ./Drivers/STM32H7xx_HAL_Driver/Src/stm32h7xx_hal_rcc.o
 .debug_frame   0x00003eac      0x414 ./Drivers/STM32H7xx_HAL_Driver/Src/stm32h7xx_hal_rcc_ex.o
 .debug_frame   0x000042c0      0x7a8 ./Drivers/STM32H7xx_HAL_Driver/Src/stm32h7xx_hal_spi.o
 .debug_frame   0x00004a68     0x121c ./Drivers/STM32H7xx_HAL_Driver/Src/stm32h7xx_hal_tim.o
 .debug_frame   0x00005c84      0x724 ./Drivers/STM32H7xx_HAL_Driver/Src/stm32h7xx_hal_tim_ex.o
 .debug_frame   0x000063a8      0xa94 ./Drivers/STM32H7xx_HAL_Driver/Src/stm32h7xx_hal_uart.o
 .debug_frame   0x00006e3c      0x2c0 ./Drivers/STM32H7xx_HAL_Driver/Src/stm32h7xx_hal_uart_ex.o
 .debug_frame   0x000070fc       0x20 C:/ST/STM32CubeIDE_1.16.1/STM32CubeIDE/plugins/com.st.stm32cube.ide.mcu.externaltools.gnu-tools-for-stm32.12.3.rel1.win32_1.0.200.202406191623/tools/bin/../lib/gcc/arm-none-eabi/12.3.1/../../../../arm-none-eabi/lib/thumb/v7e-m+dp/hard\libc_nano.a(libc_a-memset.o)
 .debug_frame   0x0000711c       0x2c C:/ST/STM32CubeIDE_1.16.1/STM32CubeIDE/plugins/com.st.stm32cube.ide.mcu.externaltools.gnu-tools-for-stm32.12.3.rel1.win32_1.0.200.202406191623/tools/bin/../lib/gcc/arm-none-eabi/12.3.1/../../../../arm-none-eabi/lib/thumb/v7e-m+dp/hard\libc_nano.a(libc_a-init.o)
 .debug_frame   0x00007148       0x2c C:/ST/STM32CubeIDE_1.16.1/STM32CubeIDE/plugins/com.st.stm32cube.ide.mcu.externaltools.gnu-tools-for-stm32.12.3.rel1.win32_1.0.200.202406191623/tools/bin/../lib/gcc/arm-none-eabi/12.3.1/thumb/v7e-m+dp/hard\libgcc.a(_aeabi_uldivmod.o)
 .debug_frame   0x00007174       0x34 C:/ST/STM32CubeIDE_1.16.1/STM32CubeIDE/plugins/com.st.stm32cube.ide.mcu.externaltools.gnu-tools-for-stm32.12.3.rel1.win32_1.0.200.202406191623/tools/bin/../lib/gcc/arm-none-eabi/12.3.1/thumb/v7e-m+dp/hard\libgcc.a(_udivmoddi4.o)

.debug_loclists
                0x00000000       0x76
 .debug_loclists
                0x00000000       0x76 ./Core/Src/utilities.o

.debug_line_str
                0x00000000       0x55
 .debug_line_str
                0x00000000       0x55 ./Core/Startup/startup_stm32h735igkx.o
