../Core/Src/main.c:152:5:main	16	static
../Core/Src/main.c:355:6:SystemClock_Config	120	static
../Core/Src/main.c:414:6:PeriphCommonClock_Config	192	static
../Core/Src/main.c:441:13:MX_ADC1_Init	56	static
../Core/Src/main.c:512:13:MX_ADC2_Init	48	static
../Core/Src/main.c:570:13:MX_ADC3_Init	48	static
../Core/Src/main.c:633:13:MX_DAC1_Init	48	static
../Core/Src/main.c:676:13:MX_HASH_Init	8	static
../Core/Src/main.c:702:13:MX_SPI4_Init	8	static
../Core/Src/main.c:749:13:MX_TIM2_Init	40	static
../Core/Src/main.c:794:13:MX_TIM3_Init	40	static
../Core/Src/main.c:839:13:MX_TIM4_Init	40	static
../Core/Src/main.c:884:13:MX_UART7_Init	8	static
../Core/Src/main.c:932:13:MX_USART3_UART_Init	8	static
../Core/Src/main.c:978:13:MX_DMA_Init	16	static
../Core/Src/main.c:1005:13:MX_GPIO_Init	48	static
../Core/Src/main.c:1044:6:GPIO_INIT	32	static
../Core/Src/main.c:1111:6:HAL_ADC_ConvHalfCpltCallback	16	static
../Core/Src/main.c:1162:6:HAL_ADC_ConvCpltCallback	16	static
../Core/Src/main.c:1214:6:HAL_TIM_PeriodElapsedCallback	16	static
../Core/Src/main.c:1242:6:start_ADCS	8	static
../Core/Src/main.c:1294:6:Error_Handler	4	static,ignoring_inline_asm
